EXIT_BUILD=0
---vet---
EXIT_VET=0
---test-durable-race-cover---
=== RUN   TestFactSuite
=== RUN   TestFactSuite/TestDeriveSemanticKeyIsDeterministicAcrossSessions
=== RUN   TestFactSuite/TestDeriveSemanticKeyRejectsMissingFields
=== RUN   TestFactSuite/TestDeriveSemanticKeyRejectsMissingFields/should_reject_missing_kind
=== RUN   TestFactSuite/TestDeriveSemanticKeyRejectsMissingFields/should_reject_missing_subject
=== RUN   TestFactSuite/TestDetectCollision
=== RUN   TestFactSuite/TestDetectCollision/should_report_no_collision_for_different_key
=== RUN   TestFactSuite/TestDetectCollision/should_report_idempotent_collision_for_same_key_and_hash
=== RUN   TestFactSuite/TestDetectCollision/should_report_contradictory_collision_for_same_key_and_divergent_hash
=== RUN   TestFactSuite/TestHashContentDiffersForDifferentContent
=== RUN   TestFactSuite/TestHashContentIsDeterministic
=== RUN   TestFactSuite/TestResolveLayer
=== RUN   TestFactSuite/TestResolveLayer/should_resolve_ephemeral_to_task_layer
=== RUN   TestFactSuite/TestResolveLayer/should_resolve_prd_durability_to_prd_layer
=== RUN   TestFactSuite/TestResolveLayer/should_resolve_durable_to_project_layer
=== RUN   TestFactSuite/TestResolveLayer/should_reject_zero-value_durability
=== RUN   TestFactSuite/TestValidateFact
=== RUN   TestFactSuite/TestValidateFact/should_reject_fact_without_semantic_key
=== RUN   TestFactSuite/TestValidateFact/should_reject_fact_with_zero-value_durability
=== RUN   TestFactSuite/TestValidateFact/should_accept_fact_with_key_and_durability_declared
--- PASS: TestFactSuite (0.00s)
    --- PASS: TestFactSuite/TestDeriveSemanticKeyIsDeterministicAcrossSessions (0.00s)
    --- PASS: TestFactSuite/TestDeriveSemanticKeyRejectsMissingFields (0.00s)
        --- PASS: TestFactSuite/TestDeriveSemanticKeyRejectsMissingFields/should_reject_missing_kind (0.00s)
        --- PASS: TestFactSuite/TestDeriveSemanticKeyRejectsMissingFields/should_reject_missing_subject (0.00s)
    --- PASS: TestFactSuite/TestDetectCollision (0.00s)
        --- PASS: TestFactSuite/TestDetectCollision/should_report_no_collision_for_different_key (0.00s)
        --- PASS: TestFactSuite/TestDetectCollision/should_report_idempotent_collision_for_same_key_and_hash (0.00s)
        --- PASS: TestFactSuite/TestDetectCollision/should_report_contradictory_collision_for_same_key_and_divergent_hash (0.00s)
    --- PASS: TestFactSuite/TestHashContentDiffersForDifferentContent (0.00s)
    --- PASS: TestFactSuite/TestHashContentIsDeterministic (0.00s)
    --- PASS: TestFactSuite/TestResolveLayer (0.00s)
        --- PASS: TestFactSuite/TestResolveLayer/should_resolve_ephemeral_to_task_layer (0.00s)
        --- PASS: TestFactSuite/TestResolveLayer/should_resolve_prd_durability_to_prd_layer (0.00s)
        --- PASS: TestFactSuite/TestResolveLayer/should_resolve_durable_to_project_layer (0.00s)
        --- PASS: TestFactSuite/TestResolveLayer/should_reject_zero-value_durability (0.00s)
    --- PASS: TestFactSuite/TestValidateFact (0.00s)
        --- PASS: TestFactSuite/TestValidateFact/should_reject_fact_without_semantic_key (0.00s)
        --- PASS: TestFactSuite/TestValidateFact/should_reject_fact_with_zero-value_durability (0.00s)
        --- PASS: TestFactSuite/TestValidateFact/should_accept_fact_with_key_and_durability_declared (0.00s)
=== RUN   TestPageSuite
=== RUN   TestPageSuite/TestParseIsMarkdownReadableAndGrepFriendly
=== RUN   TestPageSuite/TestParseRejectsMalformedFactMetadata
=== RUN   TestPageSuite/TestParseRejectsMalformedFrontMatter
=== RUN   TestPageSuite/TestRoundTripOnRealRepositoryCorpus
=== RUN   TestPageSuite/TestRoundTripOnRealRepositoryCorpus/../../../../AGENTS.md
=== RUN   TestPageSuite/TestRoundTripOnRealRepositoryCorpus/../../../../README.md
=== RUN   TestPageSuite/TestRoundTripOnRealRepositoryCorpus/../../../../docs/config-hierarchy.md
=== RUN   TestPageSuite/TestRoundTripOnRealRepositoryCorpus/../../../../docs/guia-instalacao-universal.md
=== RUN   TestPageSuite/TestSerializeRejectsFactWithZeroValueDurability
=== RUN   TestPageSuite/TestSerializeRejectsFactWithoutSemanticKey
=== RUN   TestPageSuite/TestSerializeThenParseRoundTrip
=== RUN   TestPageSuite/TestSerializeThenParseRoundTrip/should_preserve_human_content_with_no_facts
=== RUN   TestPageSuite/TestSerializeThenParseRoundTrip/should_preserve_human_content_alongside_a_single_fact
=== RUN   TestPageSuite/TestSerializeThenParseRoundTrip/should_preserve_human_content_ending_without_trailing_newline
=== RUN   TestPageSuite/TestSerializeThenParseRoundTrip/should_preserve_empty_human_content_with_multiple_facts_and_links
--- PASS: TestPageSuite (0.10s)
    --- PASS: TestPageSuite/TestParseIsMarkdownReadableAndGrepFriendly (0.00s)
    --- PASS: TestPageSuite/TestParseRejectsMalformedFactMetadata (0.00s)
    --- PASS: TestPageSuite/TestParseRejectsMalformedFrontMatter (0.00s)
    --- PASS: TestPageSuite/TestRoundTripOnRealRepositoryCorpus (0.09s)
        --- PASS: TestPageSuite/TestRoundTripOnRealRepositoryCorpus/../../../../AGENTS.md (0.01s)
        --- PASS: TestPageSuite/TestRoundTripOnRealRepositoryCorpus/../../../../README.md (0.06s)
        --- PASS: TestPageSuite/TestRoundTripOnRealRepositoryCorpus/../../../../docs/config-hierarchy.md (0.01s)
        --- PASS: TestPageSuite/TestRoundTripOnRealRepositoryCorpus/../../../../docs/guia-instalacao-universal.md (0.01s)
    --- PASS: TestPageSuite/TestSerializeRejectsFactWithZeroValueDurability (0.00s)
    --- PASS: TestPageSuite/TestSerializeRejectsFactWithoutSemanticKey (0.00s)
    --- PASS: TestPageSuite/TestSerializeThenParseRoundTrip (0.01s)
        --- PASS: TestPageSuite/TestSerializeThenParseRoundTrip/should_preserve_human_content_with_no_facts (0.00s)
        --- PASS: TestPageSuite/TestSerializeThenParseRoundTrip/should_preserve_human_content_alongside_a_single_fact (0.00s)
        --- PASS: TestPageSuite/TestSerializeThenParseRoundTrip/should_preserve_human_content_ending_without_trailing_newline (0.00s)
        --- PASS: TestPageSuite/TestSerializeThenParseRoundTrip/should_preserve_empty_human_content_with_multiple_facts_and_links (0.00s)
PASS
coverage: 83.9% of statements
ok  	github.com/JailtonJunior94/ai-spec-harness/internal/runtime/memory/durable	1.381s	coverage: 83.9% of statements
	github.com/JailtonJunior94/ai-spec-harness/internal/runtime/memory/durable/mocks		coverage: 0.0% of statements
EXIT_TEST_DURABLE=0
