ok  	github.com/JailtonJunior94/ai-spec-harness/internal/qualitygate	0.132s	coverage: 89.5% of statements
github.com/JailtonJunior94/ai-spec-harness/internal/qualitygate/cache.go:32:		NewFileCache		100.0%
github.com/JailtonJunior94/ai-spec-harness/internal/qualitygate/cache.go:36:		load			77.8%
github.com/JailtonJunior94/ai-spec-harness/internal/qualitygate/cache.go:52:		Get			80.0%
github.com/JailtonJunior94/ai-spec-harness/internal/qualitygate/cache.go:61:		Put			76.9%
github.com/JailtonJunior94/ai-spec-harness/internal/qualitygate/checks.go:20:		Valid			100.0%
github.com/JailtonJunior94/ai-spec-harness/internal/qualitygate/checks.go:24:		String			100.0%
github.com/JailtonJunior94/ai-spec-harness/internal/qualitygate/checks.go:37:		ParseCheckKind		100.0%
github.com/JailtonJunior94/ai-spec-harness/internal/qualitygate/checks.go:46:		CheckKinds		0.0%
github.com/JailtonJunior94/ai-spec-harness/internal/qualitygate/evidence.go:33:		CommandLines		100.0%
github.com/JailtonJunior94/ai-spec-harness/internal/qualitygate/evidence.go:53:		NewFileEvidenceWriter	100.0%
github.com/JailtonJunior94/ai-spec-harness/internal/qualitygate/evidence.go:57:		Persist			75.0%
github.com/JailtonJunior94/ai-spec-harness/internal/qualitygate/executor.go:25:		NewShellExecutor	100.0%
github.com/JailtonJunior94/ai-spec-harness/internal/qualitygate/executor.go:29:		Execute			96.2%
github.com/JailtonJunior94/ai-spec-harness/internal/qualitygate/fingerprint.go:30:	ComputeFingerprint	88.9%
github.com/JailtonJunior94/ai-spec-harness/internal/qualitygate/gate.go:34:		NewGate			100.0%
github.com/JailtonJunior94/ai-spec-harness/internal/qualitygate/gate.go:44:		Evaluate		87.5%
github.com/JailtonJunior94/ai-spec-harness/internal/qualitygate/gate.go:121:		runChecks		93.1%
github.com/JailtonJunior94/ai-spec-harness/internal/qualitygate/gate.go:167:		gatePolicyID		100.0%
github.com/JailtonJunior94/ai-spec-harness/internal/qualitygate/gate.go:171:		errorResult		100.0%
github.com/JailtonJunior94/ai-spec-harness/internal/qualitygate/gate.go:175:		errorResultWithPolicy	75.0%
github.com/JailtonJunior94/ai-spec-harness/internal/qualitygate/gate.go:183:		notApplicableSkip	83.3%
github.com/JailtonJunior94/ai-spec-harness/internal/qualitygate/gate.go:196:		buildEvidence		100.0%
github.com/JailtonJunior94/ai-spec-harness/internal/qualitygate/loader.go:28:		NewDefaultPolicyLoader	100.0%
github.com/JailtonJunior94/ai-spec-harness/internal/qualitygate/loader.go:32:		Load			90.0%
github.com/JailtonJunior94/ai-spec-harness/internal/qualitygate/loader.go:46:		DefaultPolicySet	100.0%
github.com/JailtonJunior94/ai-spec-harness/internal/qualitygate/policy.go:27:		Lookup			100.0%
github.com/JailtonJunior94/ai-spec-harness/internal/qualitygate/policy.go:35:		Version			0.0%
github.com/JailtonJunior94/ai-spec-harness/internal/qualitygate/policy.go:51:		DecodePolicySet		91.4%
github.com/JailtonJunior94/ai-spec-harness/internal/qualitygate/policy.go:100:		parseCheckKindList	100.0%
github.com/JailtonJunior94/ai-spec-harness/internal/qualitygate/resolver.go:21:		ResolveChecks		100.0%
github.com/JailtonJunior94/ai-spec-harness/internal/qualitygate/resolver.go:48:		commandFor		80.0%
github.com/JailtonJunior94/ai-spec-harness/internal/qualitygate/resolver.go:61:		PrimaryLang		83.3%
github.com/JailtonJunior94/ai-spec-harness/internal/qualitygate/risk.go:21:		Valid			0.0%
github.com/JailtonJunior94/ai-spec-harness/internal/qualitygate/risk.go:25:		String			80.0%
github.com/JailtonJunior94/ai-spec-harness/internal/qualitygate/risk.go:38:		ParseRisk		100.0%
github.com/JailtonJunior94/ai-spec-harness/internal/qualitygate/risk.go:52:		NewTaskType		100.0%
github.com/JailtonJunior94/ai-spec-harness/internal/qualitygate/selection.go:10:	NewSelection		92.9%
github.com/JailtonJunior94/ai-spec-harness/internal/qualitygate/selection.go:37:	Required		100.0%
github.com/JailtonJunior94/ai-spec-harness/internal/qualitygate/selection.go:41:	Optional		100.0%
github.com/JailtonJunior94/ai-spec-harness/internal/qualitygate/verdict.go:15:		NewVerdict		100.0%
github.com/JailtonJunior94/ai-spec-harness/internal/qualitygate/verdict.go:19:		Result			100.0%
github.com/JailtonJunior94/ai-spec-harness/internal/qualitygate/verdict.go:23:		Override		100.0%
total:											(statements)		89.5%
