github.com/JailtonJunior94/ai-spec-harness/internal/txn/transaction.go:36:				String					0.0%
github.com/JailtonJunior94/ai-spec-harness/internal/txn/transaction.go:78:				New					100.0%
github.com/JailtonJunior94/ai-spec-harness/internal/txn/transaction.go:94:				canonicalPath				60.0%
github.com/JailtonJunior94/ai-spec-harness/internal/txn/transaction.go:104:				relativeToRoot				71.4%
github.com/JailtonJunior94/ai-spec-harness/internal/txn/transaction.go:116:				AllowOverwrite				100.0%
github.com/JailtonJunior94/ai-spec-harness/internal/txn/transaction.go:120:				Stage					100.0%
github.com/JailtonJunior94/ai-spec-harness/internal/txn/transaction.go:124:				stage					100.0%
github.com/JailtonJunior94/ai-spec-harness/internal/txn/transaction.go:129:				stageFromSource				75.0%
github.com/JailtonJunior94/ai-spec-harness/internal/txn/transaction.go:137:				stageInternal				100.0%
github.com/JailtonJunior94/ai-spec-harness/internal/txn/transaction.go:148:				checkConflict				66.7%
github.com/JailtonJunior94/ai-spec-harness/internal/txn/transaction.go:181:				Conflicts				80.0%
github.com/JailtonJunior94/ai-spec-harness/internal/txn/transaction.go:190:				Commit					82.5%
github.com/JailtonJunior94/ai-spec-harness/internal/txn/transaction.go:248:				writeCommitted				100.0%
github.com/JailtonJunior94/ai-spec-harness/internal/txn/transaction.go:257:				tombstonedKeys				77.8%
github.com/JailtonJunior94/ai-spec-harness/internal/txn/transaction.go:272:				combineCommitError			66.7%
github.com/JailtonJunior94/ai-spec-harness/internal/txn/transaction.go:279:				Rollback				0.0%
github.com/JailtonJunior94/ai-spec-harness/internal/txn/transaction.go:283:				rollback				75.0%
github.com/JailtonJunior94/ai-spec-harness/internal/txn/transaction.go:308:				Outcomes				100.0%
github.com/JailtonJunior94/ai-spec-harness/internal/txn/transaction.go:316:				MkdirAll				100.0%
github.com/JailtonJunior94/ai-spec-harness/internal/txn/transaction.go:320:				CopyFile				0.0%
github.com/JailtonJunior94/ai-spec-harness/internal/txn/transaction.go:328:				CopyDir					62.5%
github.com/JailtonJunior94/ai-spec-harness/internal/txn/transaction.go:353:				Symlink					0.0%
github.com/JailtonJunior94/ai-spec-harness/internal/txn/transaction.go:357:				Remove					0.0%
github.com/JailtonJunior94/ai-spec-harness/internal/txn/transaction.go:365:				RemoveAll				90.5%
github.com/JailtonJunior94/ai-spec-harness/internal/txn/transaction.go:397:				Exists					83.3%
github.com/JailtonJunior94/ai-spec-harness/internal/txn/transaction.go:408:				IsDir					0.0%
github.com/JailtonJunior94/ai-spec-harness/internal/txn/transaction.go:419:				IsSymlink				0.0%
github.com/JailtonJunior94/ai-spec-harness/internal/txn/transaction.go:423:				EvalSymlinks				0.0%
github.com/JailtonJunior94/ai-spec-harness/internal/txn/transaction.go:427:				ReadFile				66.7%
github.com/JailtonJunior94/ai-spec-harness/internal/txn/transaction.go:438:				WriteFile				0.0%
github.com/JailtonJunior94/ai-spec-harness/internal/txn/transaction.go:442:				WriteFileAtomic				0.0%
github.com/JailtonJunior94/ai-spec-harness/internal/txn/transaction.go:446:				AppendFile				0.0%
github.com/JailtonJunior94/ai-spec-harness/internal/txn/transaction.go:457:				ReadDir					0.0%
github.com/JailtonJunior94/ai-spec-harness/internal/txn/transaction.go:461:				FileHash				0.0%
github.com/JailtonJunior94/ai-spec-harness/internal/txn/transaction.go:473:				DirHash					0.0%
github.com/JailtonJunior94/ai-spec-harness/internal/txn/transaction.go:477:				Writable				0.0%
github.com/JailtonJunior94/ai-spec-harness/internal/uninstall/uninstall.go:23:				NewService				100.0%
github.com/JailtonJunior94/ai-spec-harness/internal/uninstall/uninstall.go:34:				remove					100.0%
github.com/JailtonJunior94/ai-spec-harness/internal/uninstall/uninstall.go:46:				removeDir				83.3%
github.com/JailtonJunior94/ai-spec-harness/internal/uninstall/uninstall.go:58:				rewrite					42.9%
github.com/JailtonJunior94/ai-spec-harness/internal/uninstall/uninstall.go:95:				isClaudeGovernanceHook			100.0%
github.com/JailtonJunior94/ai-spec-harness/internal/uninstall/uninstall.go:134:				Execute					96.8%
github.com/JailtonJunior94/ai-spec-harness/internal/uninstall/uninstall.go:194:				mergedCandidates			100.0%
github.com/JailtonJunior94/ai-spec-harness/internal/uninstall/uninstall.go:215:				reverseMerge				88.9%
github.com/JailtonJunior94/ai-spec-harness/internal/uninstall/uninstall.go:234:				reverseMergeUserContentMarkdown		69.2%
github.com/JailtonJunior94/ai-spec-harness/internal/uninstall/uninstall.go:254:				reverseMergeCodexConfig			61.5%
github.com/JailtonJunior94/ai-spec-harness/internal/uninstall/uninstall.go:274:				reverseMergeCopilotSettings		87.5%
github.com/JailtonJunior94/ai-spec-harness/internal/uninstall/uninstall.go:321:				reverseMergeClaudeSettings		88.9%
github.com/JailtonJunior94/ai-spec-harness/internal/uninstall/uninstall.go:373:				stripClaudeGovernanceHooks		78.9%
github.com/JailtonJunior94/ai-spec-harness/internal/uninstall/uninstall.go:401:				isCopilotGovernanceHook			80.0%
github.com/JailtonJunior94/ai-spec-harness/internal/uninstall/uninstall.go:410:				reverseMergeOpenCodeConfig		88.9%
github.com/JailtonJunior94/ai-spec-harness/internal/uninstall/uninstall.go:451:				persistPreservingLayout			86.7%
github.com/JailtonJunior94/ai-spec-harness/internal/uninstall/uninstall.go:482:				readRawFile				83.3%
github.com/JailtonJunior94/ai-spec-harness/internal/uninstall/uninstall.go:493:				readJSONObject				77.8%
github.com/JailtonJunior94/ai-spec-harness/internal/uninstall/uninstall.go:508:				persistOrRemove				0.0%
github.com/JailtonJunior94/ai-spec-harness/internal/uninstall/uninstall.go:524:				removeGeneratedDir			77.8%
github.com/JailtonJunior94/ai-spec-harness/internal/uninstall/uninstall.go:540:				removeClaudeSettings			91.7%
github.com/JailtonJunior94/ai-spec-harness/internal/uninstall/uninstall.go:559:				removeLegacyGeminiResidue		100.0%
github.com/JailtonJunior94/ai-spec-harness/internal/uninstall/uninstall.go:564:				pruneEmptyDirs				100.0%
github.com/JailtonJunior94/ai-spec-harness/internal/uninstall/uninstall.go:573:				pruneEmptyTree				92.3%
github.com/JailtonJunior94/ai-spec-harness/internal/uninstall/uninstall.go:594:				legacyStaticRemoval			100.0%
github.com/JailtonJunior94/ai-spec-harness/internal/uninstall/uninstall.go:614:				legacyGeneratedSweep			100.0%
github.com/JailtonJunior94/ai-spec-harness/internal/uninstall/uninstall.go:623:				removeGeneratedContextFiles		100.0%
github.com/JailtonJunior94/ai-spec-harness/internal/uninstall/uninstall.go:630:				removeIfGenerated			73.3%
github.com/JailtonJunior94/ai-spec-harness/internal/uninstall/uninstall.go:653:				isGeneratedAgentsMarkdown		100.0%
github.com/JailtonJunior94/ai-spec-harness/internal/uninstall/uninstall.go:657:				isGeneratedToolMarkdown			85.7%
github.com/JailtonJunior94/ai-spec-harness/internal/uninstall/uninstall.go:670:				isGeneratedCodexConfig			100.0%
github.com/JailtonJunior94/ai-spec-harness/internal/uninstall/uninstall.go:687:				isGeneratedClaudeSettings		82.1%
github.com/JailtonJunior94/ai-spec-harness/internal/upgrade/copilot_governance.go:48:			CopilotGovernanceHooksPath		100.0%
github.com/JailtonJunior94/ai-spec-harness/internal/upgrade/copilot_governance.go:52:			RepairCopilotGovernanceHooks		81.2%
github.com/JailtonJunior94/ai-spec-harness/internal/upgrade/copilot_governance.go:79:			repairCopilotGovernanceDocument		77.5%
github.com/JailtonJunior94/ai-spec-harness/internal/upgrade/copilot_governance.go:143:			appendCopilotHookEntries		100.0%
github.com/JailtonJunior94/ai-spec-harness/internal/upgrade/copilot_governance.go:156:			copilotHookEntryExists			80.0%
github.com/JailtonJunior94/ai-spec-harness/internal/upgrade/r1_receiver.go:6:				NewHelper				100.0%
github.com/JailtonJunior94/ai-spec-harness/internal/upgrade/upgrade.go:56:				NewService				100.0%
github.com/JailtonJunior94/ai-spec-harness/internal/upgrade/upgrade.go:72:				Execute					84.6%
github.com/JailtonJunior94/ai-spec-harness/internal/upgrade/upgrade.go:272:				copilotGovernanceNeedsRepair		30.0%
github.com/JailtonJunior94/ai-spec-harness/internal/upgrade/upgrade.go:288:				printCheckVersionInfo			90.0%
github.com/JailtonJunior94/ai-spec-harness/internal/upgrade/upgrade.go:308:				checkSkills				86.9%
github.com/JailtonJunior94/ai-spec-harness/internal/upgrade/upgrade.go:419:				collectSkillVersions			100.0%
github.com/JailtonJunior94/ai-spec-harness/internal/upgrade/upgrade.go:437:				mergeFileTracking			100.0%
github.com/JailtonJunior94/ai-spec-harness/internal/upgrade/upgrade.go:478:				legacyManagedPathCandidates		100.0%
github.com/JailtonJunior94/ai-spec-harness/internal/upgrade/upgrade.go:514:				toPathSet				100.0%
github.com/JailtonJunior94/ai-spec-harness/internal/upgrade/upgrade.go:522:				sortedPathSet				100.0%
github.com/JailtonJunior94/ai-spec-harness/internal/upgrade/upgrade.go:531:				regenerateAdapters			95.2%
github.com/JailtonJunior94/ai-spec-harness/internal/upgrade/upgrade.go:588:				regenerateGovernance			73.3%
github.com/JailtonJunior94/ai-spec-harness/internal/upgrade/upgrade.go:614:				checkSchemaDivergence			93.8%
github.com/JailtonJunior94/ai-spec-harness/internal/upgrade/upgrade.go:645:				resolveSourceSchema			100.0%
github.com/JailtonJunior94/ai-spec-harness/internal/upgrade/upgrade.go:658:				extractSchemaVersion			100.0%
github.com/JailtonJunior94/ai-spec-harness/internal/upgrade/upgrade.go:670:				refsChangedFiles			96.9%
github.com/JailtonJunior94/ai-spec-harness/internal/upgrade/upgrade.go:713:				collectRelativeFiles			75.0%
github.com/JailtonJunior94/ai-spec-harness/internal/upgrade/upgrade.go:744:				syncFileIfPresent			100.0%
github.com/JailtonJunior94/ai-spec-harness/internal/upgrade/upgrade.go:758:				installedCodexSkills			71.4%
github.com/JailtonJunior94/ai-spec-harness/internal/upgrade/upgrade.go:781:				computeChecksums			100.0%
github.com/JailtonJunior94/ai-spec-harness/internal/upgrade/upgrade.go:794:				shouldProcessSkill			16.7%
github.com/JailtonJunior94/ai-spec-harness/internal/version/version.go:29:				NewProvider				100.0%
github.com/JailtonJunior94/ai-spec-harness/internal/version/version.go:35:				Get					100.0%
github.com/JailtonJunior94/ai-spec-harness/internal/version/version.go:51:				SetForTest				100.0%
github.com/JailtonJunior94/ai-spec-harness/internal/version/version.go:63:				ReadVersionFile				100.0%
github.com/JailtonJunior94/ai-spec-harness/internal/version/version.go:75:				Resolve					100.0%
github.com/JailtonJunior94/ai-spec-harness/internal/version/version.go:88:				ResolveFromExecutable			83.3%
github.com/JailtonJunior94/ai-spec-harness/internal/wrapper/r1_receiver.go:6:				NewExecutor				100.0%
github.com/JailtonJunior94/ai-spec-harness/internal/wrapper/wrapper.go:29:				Execute					96.7%
github.com/JailtonJunior94/ai-spec-harness/internal/wrapper/wrapper.go:83:				buildInstruction			85.7%
github.com/JailtonJunior94/ai-spec-harness/internal/wrapper/wrapper.go:105:				removedAgent				100.0%
github.com/JailtonJunior94/ai-spec-harness/main.go:9:							main					0.0%
github.com/JailtonJunior94/ai-spec-harness/tests/integration/hooks_live/diagnostics.go:26:		CanonicalDiagnosticSources		100.0%
github.com/JailtonJunior94/ai-spec-harness/tests/integration/hooks_live/diagnostics.go:39:		PreToolDenialDiagnostics		100.0%
github.com/JailtonJunior94/ai-spec-harness/tests/integration/hooks_live/diagnostics.go:46:		PostToolDiagnostics			100.0%
github.com/JailtonJunior94/ai-spec-harness/tests/integration/hooks_live/diagnostics.go:56:		SessionEndDiagnostics			100.0%
github.com/JailtonJunior94/ai-spec-harness/tests/integration/hooks_live/matrix.go:18:			LiveMatrix				90.9%
github.com/JailtonJunior94/ai-spec-harness/tests/integration/hooks_live/matrix.go:42:			AggregateCellResults			100.0%
total:													(statements)				82.0%
bash scripts/check-skills-sync.sh
SKIP: tests (allowlist: dir nao-skill em /Users/jailtonjunior/Git/orchestrator/.agents/skills)
SKIP: tests (allowlist: dir nao-skill em /Users/jailtonjunior/Git/orchestrator/.agents/skills)
SKIP: tests (allowlist: dir nao-skill em /Users/jailtonjunior/Git/orchestrator/.agents/skills)
