	github.com/JailtonJunior94/ai-spec-harness		coverage: 0.0% of statements
ok  	github.com/JailtonJunior94/ai-spec-harness/cmd/ai_spec_harness	0.589s	coverage: 58.8% of statements
ok  	github.com/JailtonJunior94/ai-spec-harness/internal/adapters	(cached)	coverage: 89.5% of statements
ok  	github.com/JailtonJunior94/ai-spec-harness/internal/agents	(cached)	coverage: 90.3% of statements
	github.com/JailtonJunior94/ai-spec-harness/internal/agents/mocks		coverage: 0.0% of statements
ok  	github.com/JailtonJunior94/ai-spec-harness/internal/approval	(cached)	coverage: 88.0% of statements
	github.com/JailtonJunior94/ai-spec-harness/internal/approval/mocks		coverage: 0.0% of statements
ok  	github.com/JailtonJunior94/ai-spec-harness/internal/batchreport	(cached)	coverage: 100.0% of statements
ok  	github.com/JailtonJunior94/ai-spec-harness/internal/bugschema	(cached)	coverage: 74.3% of statements
ok  	github.com/JailtonJunior94/ai-spec-harness/internal/capability	3.133s	coverage: 58.4% of statements
ok  	github.com/JailtonJunior94/ai-spec-harness/internal/changelog	(cached)	coverage: 83.8% of statements
ok  	github.com/JailtonJunior94/ai-spec-harness/internal/config	(cached)	coverage: 93.2% of statements
	github.com/JailtonJunior94/ai-spec-harness/internal/config/mocks		coverage: 0.0% of statements
ok  	github.com/JailtonJunior94/ai-spec-harness/internal/conformance	(cached)	coverage: 100.0% of statements
ok  	github.com/JailtonJunior94/ai-spec-harness/internal/contextgen	(cached)	coverage: 90.7% of statements
ok  	github.com/JailtonJunior94/ai-spec-harness/internal/detect	(cached)	coverage: 82.4% of statements
	github.com/JailtonJunior94/ai-spec-harness/internal/detect/mocks		coverage: 0.0% of statements
ok  	github.com/JailtonJunior94/ai-spec-harness/internal/doctor	(cached)	coverage: 86.6% of statements
ok  	github.com/JailtonJunior94/ai-spec-harness/internal/embedded	(cached)	coverage: 0.0% of statements
ok  	github.com/JailtonJunior94/ai-spec-harness/internal/evidence	(cached)	coverage: 93.8% of statements
ok  	github.com/JailtonJunior94/ai-spec-harness/internal/fs	(cached)	coverage: 69.8% of statements
	github.com/JailtonJunior94/ai-spec-harness/internal/fs/mocks		coverage: 0.0% of statements
ok  	github.com/JailtonJunior94/ai-spec-harness/internal/git	0.228s	coverage: 64.3% of statements
	github.com/JailtonJunior94/ai-spec-harness/internal/git/mocks		coverage: 0.0% of statements
ok  	github.com/JailtonJunior94/ai-spec-harness/internal/gitref	(cached)	coverage: 70.2% of statements
ok  	github.com/JailtonJunior94/ai-spec-harness/internal/harness	(cached)	coverage: 85.3% of statements
	github.com/JailtonJunior94/ai-spec-harness/internal/harness/mocks		coverage: 0.0% of statements
ok  	github.com/JailtonJunior94/ai-spec-harness/internal/hookaudit	(cached)	coverage: 87.5% of statements
ok  	github.com/JailtonJunior94/ai-spec-harness/internal/hookcontract	(cached)	coverage: 85.9% of statements
ok  	github.com/JailtonJunior94/ai-spec-harness/internal/hookinventory	(cached)	coverage: 84.9% of statements
ok  	github.com/JailtonJunior94/ai-spec-harness/internal/hookpolicy	(cached)	coverage: 85.6% of statements
	github.com/JailtonJunior94/ai-spec-harness/internal/hookpolicy/mocks		coverage: 0.0% of statements
ok  	github.com/JailtonJunior94/ai-spec-harness/internal/inspect	(cached)	coverage: 97.1% of statements
ok  	github.com/JailtonJunior94/ai-spec-harness/internal/install	(cached)	coverage: 85.0% of statements
ok  	github.com/JailtonJunior94/ai-spec-harness/internal/invocation	(cached)	coverage: 96.0% of statements
ok  	github.com/JailtonJunior94/ai-spec-harness/internal/lint	(cached)	coverage: 75.6% of statements
ok  	github.com/JailtonJunior94/ai-spec-harness/internal/manifest	(cached)	coverage: 94.1% of statements
ok  	github.com/JailtonJunior94/ai-spec-harness/internal/metrics	(cached)	coverage: 87.3% of statements
	github.com/JailtonJunior94/ai-spec-harness/internal/metrics/mocks		coverage: 0.0% of statements
ok  	github.com/JailtonJunior94/ai-spec-harness/internal/output	(cached)	coverage: 100.0% of statements
ok  	github.com/JailtonJunior94/ai-spec-harness/internal/parity	(cached)	coverage: 85.2% of statements
ok  	github.com/JailtonJunior94/ai-spec-harness/internal/platform	(cached)	coverage: 100.0% of statements
ok  	github.com/JailtonJunior94/ai-spec-harness/internal/prerequisites	(cached)	coverage: 96.6% of statements
ok  	github.com/JailtonJunior94/ai-spec-harness/internal/procref	(cached)	coverage: 85.7% of statements
ok  	github.com/JailtonJunior94/ai-spec-harness/internal/qualitygate	(cached)	coverage: 89.5% of statements
ok  	github.com/JailtonJunior94/ai-spec-harness/internal/reviewverdict	(cached)	coverage: 13.2% of statements
ok  	github.com/JailtonJunior94/ai-spec-harness/internal/runtime	(cached)	coverage: 87.3% of statements
ok  	github.com/JailtonJunior94/ai-spec-harness/internal/runtime/acpfake	(cached)	coverage: 90.0% of statements
ok  	github.com/JailtonJunior94/ai-spec-harness/internal/runtime/client	(cached)	coverage: 88.2% of statements
	github.com/JailtonJunior94/ai-spec-harness/internal/runtime/client/mocks		coverage: 0.0% of statements
ok  	github.com/JailtonJunior94/ai-spec-harness/internal/runtime/events	(cached)	coverage: 91.9% of statements
	github.com/JailtonJunior94/ai-spec-harness/internal/runtime/events/mocks		coverage: 0.0% of statements
ok  	github.com/JailtonJunior94/ai-spec-harness/internal/runtime/handshake	(cached)	coverage: 81.6% of statements
ok  	github.com/JailtonJunior94/ai-spec-harness/internal/runtime/hooks	(cached)	coverage: 92.6% of statements
	github.com/JailtonJunior94/ai-spec-harness/internal/runtime/hooks/mocks		coverage: 0.0% of statements
ok  	github.com/JailtonJunior94/ai-spec-harness/internal/runtime/mcpserver	(cached)	coverage: 83.4% of statements
	github.com/JailtonJunior94/ai-spec-harness/internal/runtime/mcpserver/mocks		coverage: 0.0% of statements
ok  	github.com/JailtonJunior94/ai-spec-harness/internal/runtime/mcpserver/wire	(cached)	coverage: 87.5% of statements
ok  	github.com/JailtonJunior94/ai-spec-harness/internal/runtime/memory	(cached)	coverage: 90.9% of statements
ok  	github.com/JailtonJunior94/ai-spec-harness/internal/runtime/memory/durable	(cached)	coverage: 88.2% of statements
	github.com/JailtonJunior94/ai-spec-harness/internal/runtime/memory/durable/mocks		coverage: 0.0% of statements
	github.com/JailtonJunior94/ai-spec-harness/internal/runtime/memory/mocks		coverage: 0.0% of statements
	github.com/JailtonJunior94/ai-spec-harness/internal/runtime/mocks		coverage: 0.0% of statements
ok  	github.com/JailtonJunior94/ai-spec-harness/internal/runtime/persistence	(cached)	coverage: 75.2% of statements
ok  	github.com/JailtonJunior94/ai-spec-harness/internal/runtime/precondition	(cached)	coverage: 57.3% of statements
ok  	github.com/JailtonJunior94/ai-spec-harness/internal/runtime/probe	(cached)	coverage: 81.8% of statements
	github.com/JailtonJunior94/ai-spec-harness/internal/runtime/probe/mocks		coverage: 0.0% of statements
ok  	github.com/JailtonJunior94/ai-spec-harness/internal/runtime/render	(cached)	coverage: 100.0% of statements
ok  	github.com/JailtonJunior94/ai-spec-harness/internal/runtime/specs	2.728s	coverage: 85.5% of statements
ok  	github.com/JailtonJunior94/ai-spec-harness/internal/scaffold	(cached)	coverage: 94.8% of statements
ok  	github.com/JailtonJunior94/ai-spec-harness/internal/sdd	(cached)	coverage: 75.3% of statements
ok  	github.com/JailtonJunior94/ai-spec-harness/internal/sdd/tasks	(cached)	coverage: 88.7% of statements
ok  	github.com/JailtonJunior94/ai-spec-harness/internal/semver	(cached)	coverage: 91.0% of statements
ok  	github.com/JailtonJunior94/ai-spec-harness/internal/skillbump	(cached)	coverage: 81.0% of statements
ok  	github.com/JailtonJunior94/ai-spec-harness/internal/skills	(cached)	coverage: 91.2% of statements
ok  	github.com/JailtonJunior94/ai-spec-harness/internal/skillscheck	(cached)	coverage: 89.8% of statements
ok  	github.com/JailtonJunior94/ai-spec-harness/internal/specdigest	(cached)	coverage: 100.0% of statements
ok  	github.com/JailtonJunior94/ai-spec-harness/internal/specdrift	(cached)	coverage: 87.4% of statements
ok  	github.com/JailtonJunior94/ai-spec-harness/internal/taskcriteria	(cached)	coverage: 97.7% of statements
ok  	github.com/JailtonJunior94/ai-spec-harness/internal/taskloop	(cached)	coverage: 86.0% of statements
	github.com/JailtonJunior94/ai-spec-harness/internal/taskloop/mocks		coverage: 0.0% of statements
ok  	github.com/JailtonJunior94/ai-spec-harness/internal/telemetry	(cached)	coverage: 91.6% of statements
ok  	github.com/JailtonJunior94/ai-spec-harness/internal/traceability	(cached)	coverage: 95.0% of statements
ok  	github.com/JailtonJunior94/ai-spec-harness/internal/tracking	(cached)	coverage: 58.8% of statements
ok  	github.com/JailtonJunior94/ai-spec-harness/internal/triggers	(cached)	coverage: 100.0% of statements
	github.com/JailtonJunior94/ai-spec-harness/internal/triggers/mocks		coverage: 0.0% of statements
ok  	github.com/JailtonJunior94/ai-spec-harness/internal/txn	(cached)	coverage: 64.2% of statements
ok  	github.com/JailtonJunior94/ai-spec-harness/internal/uninstall	(cached)	coverage: 84.7% of statements
ok  	github.com/JailtonJunior94/ai-spec-harness/internal/upgrade	(cached)	coverage: 85.3% of statements
ok  	github.com/JailtonJunior94/ai-spec-harness/internal/version	(cached)	coverage: 93.5% of statements
ok  	github.com/JailtonJunior94/ai-spec-harness/internal/wrapper	(cached)	coverage: 95.6% of statements
ok  	github.com/JailtonJunior94/ai-spec-harness/tests/integration/hooks_live	(cached)	coverage: 96.8% of statements
