	github.com/JailtonJunior94/ai-spec-harness		coverage: 0.0% of statements
ok  	github.com/JailtonJunior94/ai-spec-harness/cmd/ai_spec_harness	0.581s	coverage: 58.8% of statements
ok  	github.com/JailtonJunior94/ai-spec-harness/internal/adapters	0.204s	coverage: 89.5% of statements
ok  	github.com/JailtonJunior94/ai-spec-harness/internal/agents	0.258s	coverage: 90.3% of statements
	github.com/JailtonJunior94/ai-spec-harness/internal/agents/mocks		coverage: 0.0% of statements
ok  	github.com/JailtonJunior94/ai-spec-harness/internal/approval	(cached)	coverage: 88.0% of statements
	github.com/JailtonJunior94/ai-spec-harness/internal/approval/mocks		coverage: 0.0% of statements
ok  	github.com/JailtonJunior94/ai-spec-harness/internal/batchreport	0.195s	coverage: 100.0% of statements
ok  	github.com/JailtonJunior94/ai-spec-harness/internal/bugschema	(cached)	coverage: 74.3% of statements
ok  	github.com/JailtonJunior94/ai-spec-harness/internal/capability	2.711s	coverage: 86.8% of statements
ok  	github.com/JailtonJunior94/ai-spec-harness/internal/changelog	(cached)	coverage: 83.8% of statements
ok  	github.com/JailtonJunior94/ai-spec-harness/internal/config	0.262s	coverage: 93.2% of statements
	github.com/JailtonJunior94/ai-spec-harness/internal/config/mocks		coverage: 0.0% of statements
ok  	github.com/JailtonJunior94/ai-spec-harness/internal/conformance	(cached)	coverage: 100.0% of statements
ok  	github.com/JailtonJunior94/ai-spec-harness/internal/contextgen	0.388s	coverage: 90.7% of statements
ok  	github.com/JailtonJunior94/ai-spec-harness/internal/detect	(cached)	coverage: 82.4% of statements
	github.com/JailtonJunior94/ai-spec-harness/internal/detect/mocks		coverage: 0.0% of statements
ok  	github.com/JailtonJunior94/ai-spec-harness/internal/doctor	0.227s	coverage: 61.0% of statements
ok  	github.com/JailtonJunior94/ai-spec-harness/internal/embedded	0.198s	coverage: 0.0% of statements
ok  	github.com/JailtonJunior94/ai-spec-harness/internal/evidence	(cached)	coverage: 93.8% of statements
ok  	github.com/JailtonJunior94/ai-spec-harness/internal/fs	0.288s	coverage: 69.8% of statements
	github.com/JailtonJunior94/ai-spec-harness/internal/fs/mocks		coverage: 0.0% of statements
ok  	github.com/JailtonJunior94/ai-spec-harness/internal/git	0.271s	coverage: 64.3% of statements
	github.com/JailtonJunior94/ai-spec-harness/internal/git/mocks		coverage: 0.0% of statements
ok  	github.com/JailtonJunior94/ai-spec-harness/internal/gitref	(cached)	coverage: 70.2% of statements
ok  	github.com/JailtonJunior94/ai-spec-harness/internal/harness	0.256s	coverage: 85.3% of statements
	github.com/JailtonJunior94/ai-spec-harness/internal/harness/mocks		coverage: 0.0% of statements
ok  	github.com/JailtonJunior94/ai-spec-harness/internal/hookaudit	(cached)	coverage: 87.5% of statements
ok  	github.com/JailtonJunior94/ai-spec-harness/internal/hookcontract	(cached)	coverage: 83.1% of statements
ok  	github.com/JailtonJunior94/ai-spec-harness/internal/hookinventory	0.201s	coverage: 84.9% of statements
ok  	github.com/JailtonJunior94/ai-spec-harness/internal/hookpolicy	0.211s	coverage: 85.6% of statements
	github.com/JailtonJunior94/ai-spec-harness/internal/hookpolicy/mocks		coverage: 0.0% of statements
ok  	github.com/JailtonJunior94/ai-spec-harness/internal/inspect	0.204s	coverage: 97.1% of statements
ok  	github.com/JailtonJunior94/ai-spec-harness/internal/install	6.600s	coverage: 85.0% of statements
ok  	github.com/JailtonJunior94/ai-spec-harness/internal/invocation	(cached)	coverage: 96.0% of statements
ok  	github.com/JailtonJunior94/ai-spec-harness/internal/lint	0.195s	coverage: 75.6% of statements
ok  	github.com/JailtonJunior94/ai-spec-harness/internal/manifest	0.201s	coverage: 94.1% of statements
ok  	github.com/JailtonJunior94/ai-spec-harness/internal/metrics	(cached)	coverage: 87.3% of statements
	github.com/JailtonJunior94/ai-spec-harness/internal/metrics/mocks		coverage: 0.0% of statements
ok  	github.com/JailtonJunior94/ai-spec-harness/internal/output	(cached)	coverage: 100.0% of statements
ok  	github.com/JailtonJunior94/ai-spec-harness/internal/parity	(cached)	coverage: 85.2% of statements
ok  	github.com/JailtonJunior94/ai-spec-harness/internal/platform	(cached)	coverage: 100.0% of statements
ok  	github.com/JailtonJunior94/ai-spec-harness/internal/prerequisites	0.197s	coverage: 96.6% of statements
ok  	github.com/JailtonJunior94/ai-spec-harness/internal/procref	0.191s	coverage: 85.7% of statements
ok  	github.com/JailtonJunior94/ai-spec-harness/internal/qualitygate	(cached)	coverage: 89.5% of statements
ok  	github.com/JailtonJunior94/ai-spec-harness/internal/reviewverdict	(cached)	coverage: 13.2% of statements
ok  	github.com/JailtonJunior94/ai-spec-harness/internal/runtime	8.159s	coverage: 87.2% of statements
ok  	github.com/JailtonJunior94/ai-spec-harness/internal/runtime/acpfake	0.259s	coverage: 90.0% of statements
ok  	github.com/JailtonJunior94/ai-spec-harness/internal/runtime/client	5.532s	coverage: 88.2% of statements
	github.com/JailtonJunior94/ai-spec-harness/internal/runtime/client/mocks		coverage: 0.0% of statements
ok  	github.com/JailtonJunior94/ai-spec-harness/internal/runtime/events	0.223s	coverage: 91.9% of statements
	github.com/JailtonJunior94/ai-spec-harness/internal/runtime/events/mocks		coverage: 0.0% of statements
ok  	github.com/JailtonJunior94/ai-spec-harness/internal/runtime/handshake	(cached)	coverage: 81.6% of statements
ok  	github.com/JailtonJunior94/ai-spec-harness/internal/runtime/hooks	0.260s	coverage: 91.1% of statements
	github.com/JailtonJunior94/ai-spec-harness/internal/runtime/hooks/mocks		coverage: 0.0% of statements
ok  	github.com/JailtonJunior94/ai-spec-harness/internal/runtime/mcpserver	0.852s	coverage: 83.4% of statements
	github.com/JailtonJunior94/ai-spec-harness/internal/runtime/mcpserver/mocks		coverage: 0.0% of statements
ok  	github.com/JailtonJunior94/ai-spec-harness/internal/runtime/mcpserver/wire	(cached)	coverage: 87.5% of statements
ok  	github.com/JailtonJunior94/ai-spec-harness/internal/runtime/memory	0.371s	coverage: 90.9% of statements
ok  	github.com/JailtonJunior94/ai-spec-harness/internal/runtime/memory/durable	(cached)	coverage: 88.2% of statements
	github.com/JailtonJunior94/ai-spec-harness/internal/runtime/memory/durable/mocks		coverage: 0.0% of statements
	github.com/JailtonJunior94/ai-spec-harness/internal/runtime/memory/mocks		coverage: 0.0% of statements
	github.com/JailtonJunior94/ai-spec-harness/internal/runtime/mocks		coverage: 0.0% of statements
ok  	github.com/JailtonJunior94/ai-spec-harness/internal/runtime/persistence	0.252s	coverage: 75.2% of statements
ok  	github.com/JailtonJunior94/ai-spec-harness/internal/runtime/precondition	0.198s	coverage: 57.3% of statements
ok  	github.com/JailtonJunior94/ai-spec-harness/internal/runtime/probe	0.227s	coverage: 81.8% of statements
	github.com/JailtonJunior94/ai-spec-harness/internal/runtime/probe/mocks		coverage: 0.0% of statements
ok  	github.com/JailtonJunior94/ai-spec-harness/internal/runtime/render	0.206s	coverage: 100.0% of statements
ok  	github.com/JailtonJunior94/ai-spec-harness/internal/runtime/specs	4.766s	coverage: 85.5% of statements
ok  	github.com/JailtonJunior94/ai-spec-harness/internal/scaffold	0.209s	coverage: 94.8% of statements
ok  	github.com/JailtonJunior94/ai-spec-harness/internal/sdd	(cached)	coverage: 75.3% of statements
ok  	github.com/JailtonJunior94/ai-spec-harness/internal/sdd/tasks	(cached)	coverage: 88.7% of statements
ok  	github.com/JailtonJunior94/ai-spec-harness/internal/semver	(cached)	coverage: 91.0% of statements
ok  	github.com/JailtonJunior94/ai-spec-harness/internal/skillbump	3.518s	coverage: 81.0% of statements
ok  	github.com/JailtonJunior94/ai-spec-harness/internal/skills	(cached)	coverage: 91.2% of statements
ok  	github.com/JailtonJunior94/ai-spec-harness/internal/skillscheck	0.254s	coverage: 89.8% of statements
ok  	github.com/JailtonJunior94/ai-spec-harness/internal/specdigest	(cached)	coverage: 100.0% of statements
ok  	github.com/JailtonJunior94/ai-spec-harness/internal/specdrift	(cached)	coverage: 87.4% of statements
ok  	github.com/JailtonJunior94/ai-spec-harness/internal/taskcriteria	(cached)	coverage: 97.7% of statements
ok  	github.com/JailtonJunior94/ai-spec-harness/internal/taskloop	12.255s	coverage: 86.0% of statements
	github.com/JailtonJunior94/ai-spec-harness/internal/taskloop/mocks		coverage: 0.0% of statements
ok  	github.com/JailtonJunior94/ai-spec-harness/internal/telemetry	(cached)	coverage: 93.1% of statements
ok  	github.com/JailtonJunior94/ai-spec-harness/internal/traceability	(cached)	coverage: 95.0% of statements
ok  	github.com/JailtonJunior94/ai-spec-harness/internal/tracking	0.233s	coverage: 58.8% of statements
ok  	github.com/JailtonJunior94/ai-spec-harness/internal/triggers	0.214s	coverage: 100.0% of statements
	github.com/JailtonJunior94/ai-spec-harness/internal/triggers/mocks		coverage: 0.0% of statements
ok  	github.com/JailtonJunior94/ai-spec-harness/internal/txn	0.354s	coverage: 64.2% of statements
ok  	github.com/JailtonJunior94/ai-spec-harness/internal/uninstall	7.982s	coverage: 84.7% of statements
ok  	github.com/JailtonJunior94/ai-spec-harness/internal/upgrade	1.907s	coverage: 85.3% of statements
ok  	github.com/JailtonJunior94/ai-spec-harness/internal/version	(cached)	coverage: 93.5% of statements
ok  	github.com/JailtonJunior94/ai-spec-harness/internal/wrapper	0.261s	coverage: 95.6% of statements
ok  	github.com/JailtonJunior94/ai-spec-harness/tests/integration/hooks_live	0.215s	coverage: 96.8% of statements
