Running linter...
Installing golangci-lint...
go install github.com/golangci/golangci-lint/v2/cmd/golangci-lint@v2.13.2
GOGC=20 golangci-lint run --config .golangci.yml --timeout 10m --verbose
level=info msg="golangci-lint has version 2.13.2 built with go1.27.0 from 27774aa on 2026-08-27T22:52:01Z"
level=info msg="[config_reader] Used config file .golangci.yml"
level=info msg="[config_reader] Module name \"github.com/JailtonJunior94/ai-spec-harness\""
level=info msg="[goenv] Read go env for 9.181834ms: map[string]string{\"GOCACHE\":\"/Users/jailtonjunior/Library/Caches/go-build\", \"GOROOT\":\"/Users/jailtonjunior/.gvm/gos/go1.27.1\"}"
level=info msg="[lintersdb] Active 6 linters: [errcheck gosec govet ineffassign staticcheck unused]"
level=info msg="[loader] Go packages loading at mode 8767 (compiled_files|files|deps|exports_file|imports|name|types_sizes) took 912.1255ms"
level=info msg="[runner/filename_unadjuster] Pre-built 0 adjustments in 75.584334ms"
level=info msg="[linters_context/goanalysis] analyzers took 1m8.673667993s with top 10 stages: gosec: 8.420262796s, buildir: 3.329222508s, unused: 1.470889165s, S1038: 1.415774415s, nilness: 1.135004749s, printf: 892.921474ms, typeindex: 778.72587ms, QF1010: 727.545997ms, SA1012: 699.218043ms, fact_purity: 647.768739ms"
level=info msg="[runner] Issues before processing: 50, after processing: 0"
level=info msg="[runner] Processors filtering stat (in/out): cgo: 50/50, path_absoluter: 50/50, generated_file_filter: 50/0, invalid_issue: 50/50, filename_unadjuster: 50/50, path_relativity: 50/50, exclusion_paths: 50/50"
level=info msg="[runner] processing took 1.141956ms with stages: generated_file_filter: 1.093834ms, path_relativity: 38.417µs, cgo: 2.042µs, invalid_issue: 1.833µs, path_absoluter: 1.042µs, sort_results: 958ns, nolint_filter: 791ns, filename_unadjuster: 458ns, max_same_issues: 374ns, exclusion_rules: 334ns, path_shortener: 333ns, exclusion_paths: 291ns, fixer: 250ns, diff: 208ns, max_per_file_from_linter: 167ns, source_code: 166ns, path_prettifier: 166ns, max_from_linter: 125ns, uniq_by_line: 84ns, severity-rules: 83ns"
level=info msg="[runner] linters took 3.008020417s with stages: goanalysis_metalinter: 3.006808667s"
0 issues.
level=info msg="File cache stats: 0 entries of total size 0B"
level=info msg="Memory: 42 samples, avg is 136.8MB, max is 252.7MB"
level=info msg="Execution took 4.006824791s"
