$ bash -c matches=\$\(grep\ -rn\ \"panic\(\"\ --include=\"\*.go\"\ .\ \|\ grep\ -v\ \"_test.go\"\ \|\ grep\ -v\ \"template\\\\.Must\\\\\|regexp\\\\.MustCompile\"\ \|\|\ true\)\;\ if\ \[\ -n\ \"\$matches\"\ \]\;\ then\ printf\ \"%s\\n\"\ \"\$matches\"\;\ exit\ 1\;\ fi
./internal/detect/mocks/detector.go:28:		panic("no return value specified for DetectLangs")
./internal/detect/mocks/detector.go:76:		panic("no return value specified for DetectTools")
./internal/detect/mocks/agent_detector.go:31:		panic("no return value specified for Detect")
./internal/detect/mocks/home_dir.go:25:		panic("no return value specified for UserHomeDir")
./internal/detect/mocks/look_pather.go:25:		panic("no return value specified for LookPath")
./internal/metrics/mocks/tokenizer.go:25:		panic("no return value specified for EstimateTokens")
./internal/metrics/mocks/tokenizer.go:71:		panic("no return value specified for Name")
./internal/config/mocks/resolver.go:28:		panic("no return value specified for Resolve")
./internal/config/mocks/source_provider.go:25:		panic("no return value specified for SourceDir")
./internal/triggers/mocks/loader.go:28:		panic("no return value specified for Load")
./internal/runtime/mocks/persistence.go:29:		panic("no return value specified for AppendEvent")
./internal/runtime/mocks/persistence.go:75:		panic("no return value specified for EnrichReport")
./internal/runtime/mocks/persistence.go:121:		panic("no return value specified for WriteToolCalls")
./internal/runtime/mocks/clock.go:29:		panic("no return value specified for Now")
./internal/runtime/mocks/retry_classifier.go:25:		panic("no return value specified for IsTransient")
./internal/runtime/mocks/prober.go:31:		panic("no return value specified for EnsureAvailable")
./internal/runtime/mocks/mcp_server.go:30:		panic("no return value specified for Serve")
./internal/runtime/mocks/persistence_factory.go:28:		panic("no return value specified for New")
./internal/runtime/memory/mocks/store.go:30:		panic("no return value specified for ReadTask")
./internal/runtime/memory/mocks/store.go:87:		panic("no return value specified for ReadWorkflow")
./internal/runtime/memory/mocks/store.go:143:		panic("no return value specified for WriteTask")
./internal/runtime/memory/mocks/store.go:192:		panic("no return value specified for WriteWorkflow")
./internal/runtime/hooks/mocks/event.go:25:		panic("no return value specified for Kind")
./internal/runtime/hooks/mocks/dispatcher.go:30:		panic("no return value specified for Dispatch")
./internal/runtime/hooks/mocks/hook.go:30:		panic("no return value specified for Name")
./internal/runtime/hooks/mocks/hook.go:75:		panic("no return value specified for Run")
./internal/runtime/events/mocks/metrics_extractor.go:30:		panic("no return value specified for Extract")
./internal/runtime/client/mocks/client.go:31:		panic("no return value specified for Close")
./internal/runtime/client/mocks/client.go:76:		panic("no return value specified for DroppedUpdates")
./internal/runtime/client/mocks/client.go:121:		panic("no return value specified for Err")
./internal/runtime/client/mocks/client.go:166:		panic("no return value specified for Open")
./internal/runtime/client/mocks/client.go:214:		panic("no return value specified for SlowPublishes")
./internal/runtime/client/mocks/client.go:259:		panic("no return value specified for Updates")
./internal/runtime/client/mocks/client_factory.go:28:		panic("no return value specified for New")
./internal/runtime/client/mocks/io_provider.go:29:		panic("no return value specified for Provide")
./internal/runtime/probe/mocks/look_pather.go:25:		panic("no return value specified for LookPath")
./internal/runtime/mcpserver/mocks/server.go:30:		panic("no return value specified for Serve")
./internal/agents/mocks/registry.go:30:		panic("no return value specified for Discover")
./internal/agents/mocks/registry.go:88:		panic("no return value specified for Resolve")
./internal/taskloop/mocks/agent_invoker.go:29:		panic("no return value specified for BinaryName")
./internal/taskloop/mocks/agent_invoker.go:74:		panic("no return value specified for Invoke")
./internal/taskloop/mocks/acceptance_gate.go:30:		panic("no return value specified for Verify")
./internal/taskloop/mocks/evidence_recorder.go:30:		panic("no return value specified for Append")
./internal/taskloop/mocks/prompter.go:30:		panic("no return value specified for Ask")
./internal/taskloop/mocks/diff_capturer.go:29:		panic("no return value specified for CaptureDiff")
./internal/taskloop/mocks/task_selector.go:30:		panic("no return value specified for Next")
./internal/taskloop/mocks/final_reviewer.go:30:		panic("no return value specified for ReviewConsolidated")
./internal/taskloop/mocks/command_runner.go:36:		panic("no return value specified for Run")
./internal/taskloop/mocks/task_executor.go:30:		panic("no return value specified for Execute")
./internal/taskloop/mocks/reservation_planner.go:30:		panic("no return value specified for Resolve")
./internal/taskloop/mocks/bugfix_invoker.go:30:		panic("no return value specified for InvokeBugfix")
./internal/fs/mocks/file_system.go:29:		panic("no return value specified for CopyDir")
./internal/fs/mocks/file_system.go:76:		panic("no return value specified for CopyFile")
./internal/fs/mocks/file_system.go:123:		panic("no return value specified for DirHash")
./internal/fs/mocks/file_system.go:179:		panic("no return value specified for EvalSymlinks")
./internal/fs/mocks/file_system.go:235:		panic("no return value specified for Exists")
./internal/fs/mocks/file_system.go:281:		panic("no return value specified for FileHash")
./internal/fs/mocks/file_system.go:337:		panic("no return value specified for IsDir")
./internal/fs/mocks/file_system.go:383:		panic("no return value specified for IsSymlink")
./internal/fs/mocks/file_system.go:429:		panic("no return value specified for MkdirAll")
./internal/fs/mocks/file_system.go:475:		panic("no return value specified for ReadDir")
./internal/fs/mocks/file_system.go:533:		panic("no return value specified for ReadFile")
./internal/fs/mocks/file_system.go:591:		panic("no return value specified for Remove")
./internal/fs/mocks/file_system.go:637:		panic("no return value specified for RemoveAll")
./internal/fs/mocks/file_system.go:683:		panic("no return value specified for Symlink")
./internal/fs/mocks/file_system.go:730:		panic("no return value specified for Writable")
./internal/fs/mocks/file_system.go:776:		panic("no return value specified for WriteFile")
./internal/git/mocks/repository.go:25:		panic("no return value specified for IsRepo")
./internal/git/mocks/repository.go:71:		panic("no return value specified for RemoteURL")
./internal/git/mocks/repository.go:127:		panic("no return value specified for Root")

exit_code=1
