	github.com/JailtonJunior94/ai-spec-harness		coverage: 0.0% of statements
ok  	github.com/JailtonJunior94/ai-spec-harness/cmd/ai_spec_harness	0.561s	coverage: 58.8% of statements
ok  	github.com/JailtonJunior94/ai-spec-harness/internal/adapters	(cached)	coverage: 89.5% of statements
ok  	github.com/JailtonJunior94/ai-spec-harness/internal/agents	(cached)	coverage: 90.3% of statements
	github.com/JailtonJunior94/ai-spec-harness/internal/agents/mocks		coverage: 0.0% of statements
ok  	github.com/JailtonJunior94/ai-spec-harness/internal/approval	(cached)	coverage: 88.0% of statements
	github.com/JailtonJunior94/ai-spec-harness/internal/approval/mocks		coverage: 0.0% of statements
ok  	github.com/JailtonJunior94/ai-spec-harness/internal/batchreport	(cached)	coverage: 100.0% of statements
ok  	github.com/JailtonJunior94/ai-spec-harness/internal/bugschema	(cached)	coverage: 74.3% of statements
ok  	github.com/JailtonJunior94/ai-spec-harness/internal/capability	2.631s	coverage: 86.8% of statements
ok  	github.com/JailtonJunior94/ai-spec-harness/internal/changelog	(cached)	coverage: 83.8% of statements
ok  	github.com/JailtonJunior94/ai-spec-harness/internal/config	(cached)	coverage: 93.2% of statements
	github.com/JailtonJunior94/ai-spec-harness/internal/config/mocks		coverage: 0.0% of statements
ok  	github.com/JailtonJunior94/ai-spec-harness/internal/conformance	(cached)	coverage: 100.0% of statements
ok  	github.com/JailtonJunior94/ai-spec-harness/internal/contextgen	0.401s	coverage: 90.7% of statements
ok  	github.com/JailtonJunior94/ai-spec-harness/internal/detect	0.284s	coverage: 82.4% of statements
	github.com/JailtonJunior94/ai-spec-harness/internal/detect/mocks		coverage: 0.0% of statements
ok  	github.com/JailtonJunior94/ai-spec-harness/internal/doctor	0.223s	coverage: 61.4% of statements
ok  	github.com/JailtonJunior94/ai-spec-harness/internal/embedded	0.198s	coverage: 0.0% of statements
ok  	github.com/JailtonJunior94/ai-spec-harness/internal/evidence	(cached)	coverage: 93.8% of statements
ok  	github.com/JailtonJunior94/ai-spec-harness/internal/fs	(cached)	coverage: 73.8% of statements
	github.com/JailtonJunior94/ai-spec-harness/internal/fs/mocks		coverage: 0.0% of statements
ok  	github.com/JailtonJunior94/ai-spec-harness/internal/git	0.287s	coverage: 64.3% of statements
	github.com/JailtonJunior94/ai-spec-harness/internal/git/mocks		coverage: 0.0% of statements
ok  	github.com/JailtonJunior94/ai-spec-harness/internal/gitref	(cached)	coverage: 70.2% of statements
ok  	github.com/JailtonJunior94/ai-spec-harness/internal/harness	(cached)	coverage: 85.3% of statements
	github.com/JailtonJunior94/ai-spec-harness/internal/harness/mocks		coverage: 0.0% of statements
ok  	github.com/JailtonJunior94/ai-spec-harness/internal/hookaudit	(cached)	coverage: 87.5% of statements
ok  	github.com/JailtonJunior94/ai-spec-harness/internal/hookcontract	(cached)	coverage: 83.1% of statements
ok  	github.com/JailtonJunior94/ai-spec-harness/internal/hookinventory	(cached)	coverage: 84.9% of statements
ok  	github.com/JailtonJunior94/ai-spec-harness/internal/hookpolicy	(cached)	coverage: 85.6% of statements
	github.com/JailtonJunior94/ai-spec-harness/internal/hookpolicy/mocks		coverage: 0.0% of statements
ok  	github.com/JailtonJunior94/ai-spec-harness/internal/inspect	(cached)	coverage: 97.1% of statements
ok  	github.com/JailtonJunior94/ai-spec-harness/internal/install	6.382s	coverage: 85.1% of statements
ok  	github.com/JailtonJunior94/ai-spec-harness/internal/invocation	(cached)	coverage: 96.0% of statements
ok  	github.com/JailtonJunior94/ai-spec-harness/internal/lint	(cached)	coverage: 75.6% of statements
ok  	github.com/JailtonJunior94/ai-spec-harness/internal/manifest	(cached)	coverage: 94.1% of statements
ok  	github.com/JailtonJunior94/ai-spec-harness/internal/metrics	0.511s	coverage: 87.3% of statements
	github.com/JailtonJunior94/ai-spec-harness/internal/metrics/mocks		coverage: 0.0% of statements
ok  	github.com/JailtonJunior94/ai-spec-harness/internal/output	(cached)	coverage: 100.0% of statements
ok  	github.com/JailtonJunior94/ai-spec-harness/internal/parity	0.286s	coverage: 85.2% of statements
ok  	github.com/JailtonJunior94/ai-spec-harness/internal/platform	(cached)	coverage: 100.0% of statements
ok  	github.com/JailtonJunior94/ai-spec-harness/internal/prerequisites	(cached)	coverage: 96.6% of statements
ok  	github.com/JailtonJunior94/ai-spec-harness/internal/reviewverdict	(cached)	coverage: 13.2% of statements
ok  	github.com/JailtonJunior94/ai-spec-harness/internal/runtime	(cached)	coverage: 87.6% of statements
ok  	github.com/JailtonJunior94/ai-spec-harness/internal/runtime/acpfake	(cached)	coverage: 90.0% of statements
ok  	github.com/JailtonJunior94/ai-spec-harness/internal/runtime/client	(cached)	coverage: 88.2% of statements
	github.com/JailtonJunior94/ai-spec-harness/internal/runtime/client/mocks		coverage: 0.0% of statements
ok  	github.com/JailtonJunior94/ai-spec-harness/internal/runtime/events	(cached)	coverage: 91.9% of statements
	github.com/JailtonJunior94/ai-spec-harness/internal/runtime/events/mocks		coverage: 0.0% of statements
ok  	github.com/JailtonJunior94/ai-spec-harness/internal/runtime/handshake	(cached)	coverage: 81.6% of statements
ok  	github.com/JailtonJunior94/ai-spec-harness/internal/runtime/hooks	(cached)	coverage: 92.4% of statements
	github.com/JailtonJunior94/ai-spec-harness/internal/runtime/hooks/mocks		coverage: 0.0% of statements
ok  	github.com/JailtonJunior94/ai-spec-harness/internal/runtime/mcpserver	(cached)	coverage: 83.4% of statements
	github.com/JailtonJunior94/ai-spec-harness/internal/runtime/mcpserver/mocks		coverage: 0.0% of statements
ok  	github.com/JailtonJunior94/ai-spec-harness/internal/runtime/mcpserver/wire	(cached)	coverage: 87.5% of statements
ok  	github.com/JailtonJunior94/ai-spec-harness/internal/runtime/memory	(cached)	coverage: 92.1% of statements
ok  	github.com/JailtonJunior94/ai-spec-harness/internal/runtime/memory/durable	(cached)	coverage: 88.1% of statements
	github.com/JailtonJunior94/ai-spec-harness/internal/runtime/memory/durable/mocks		coverage: 0.0% of statements
	github.com/JailtonJunior94/ai-spec-harness/internal/runtime/memory/mocks		coverage: 0.0% of statements
	github.com/JailtonJunior94/ai-spec-harness/internal/runtime/mocks		coverage: 0.0% of statements
ok  	github.com/JailtonJunior94/ai-spec-harness/internal/runtime/persistence	(cached)	coverage: 75.5% of statements
ok  	github.com/JailtonJunior94/ai-spec-harness/internal/runtime/precondition	(cached)	coverage: 57.3% of statements
ok  	github.com/JailtonJunior94/ai-spec-harness/internal/runtime/probe	(cached)	coverage: 81.8% of statements
	github.com/JailtonJunior94/ai-spec-harness/internal/runtime/probe/mocks		coverage: 0.0% of statements
ok  	github.com/JailtonJunior94/ai-spec-harness/internal/runtime/render	(cached)	coverage: 100.0% of statements
ok  	github.com/JailtonJunior94/ai-spec-harness/internal/runtime/specs	5.214s	coverage: 86.4% of statements
ok  	github.com/JailtonJunior94/ai-spec-harness/internal/scaffold	(cached)	coverage: 94.8% of statements
ok  	github.com/JailtonJunior94/ai-spec-harness/internal/sdd	(cached)	coverage: 75.3% of statements
ok  	github.com/JailtonJunior94/ai-spec-harness/internal/sdd/tasks	(cached)	coverage: 88.7% of statements
ok  	github.com/JailtonJunior94/ai-spec-harness/internal/semver	(cached)	coverage: 91.0% of statements
ok  	github.com/JailtonJunior94/ai-spec-harness/internal/skillbump	(cached)	coverage: 81.0% of statements
ok  	github.com/JailtonJunior94/ai-spec-harness/internal/skills	0.291s	coverage: 91.2% of statements
ok  	github.com/JailtonJunior94/ai-spec-harness/internal/skillscheck	(cached)	coverage: 89.8% of statements
ok  	github.com/JailtonJunior94/ai-spec-harness/internal/specdigest	(cached)	coverage: 100.0% of statements
ok  	github.com/JailtonJunior94/ai-spec-harness/internal/specdrift	(cached)	coverage: 90.3% of statements
ok  	github.com/JailtonJunior94/ai-spec-harness/internal/taskcriteria	(cached)	coverage: 97.7% of statements
ok  	github.com/JailtonJunior94/ai-spec-harness/internal/taskloop	(cached)	coverage: 86.2% of statements
	github.com/JailtonJunior94/ai-spec-harness/internal/taskloop/mocks		coverage: 0.0% of statements
ok  	github.com/JailtonJunior94/ai-spec-harness/internal/telemetry	(cached)	coverage: 93.1% of statements
ok  	github.com/JailtonJunior94/ai-spec-harness/internal/traceability	(cached)	coverage: 95.0% of statements
ok  	github.com/JailtonJunior94/ai-spec-harness/internal/tracking	(cached)	coverage: 58.8% of statements
ok  	github.com/JailtonJunior94/ai-spec-harness/internal/triggers	(cached)	coverage: 100.0% of statements
	github.com/JailtonJunior94/ai-spec-harness/internal/triggers/mocks		coverage: 0.0% of statements
ok  	github.com/JailtonJunior94/ai-spec-harness/internal/txn	(cached)	coverage: 66.2% of statements
ok  	github.com/JailtonJunior94/ai-spec-harness/internal/uninstall	8.774s	coverage: 84.7% of statements
ok  	github.com/JailtonJunior94/ai-spec-harness/internal/upgrade	0.511s	coverage: 85.3% of statements
ok  	github.com/JailtonJunior94/ai-spec-harness/internal/version	(cached)	coverage: 93.5% of statements
ok  	github.com/JailtonJunior94/ai-spec-harness/internal/wrapper	(cached)	coverage: 95.6% of statements
ok  	github.com/JailtonJunior94/ai-spec-harness/tests/integration/hooks_live	0.192s	coverage: 100.0% of statements
exit=0
total:													(statements)				82.2%
