Running linter...
Installing golangci-lint...
go install github.com/golangci/golangci-lint/v2/cmd/golangci-lint@v2.13.2
GOGC=20 golangci-lint run --config .golangci.yml --timeout 10m --verbose
level=info msg="golangci-lint has version 2.13.2 built with go1.27.0 from 27774aa on 2026-08-27T22:52:01Z"
level=info msg="[config_reader] Used config file .golangci.yml"
level=info msg="[config_reader] Module name \"github.com/JailtonJunior94/ai-spec-harness\""
level=info msg="[goenv] Read go env for 9.134875ms: map[string]string{\"GOCACHE\":\"/Users/jailtonjunior/Library/Caches/go-build\", \"GOROOT\":\"/Users/jailtonjunior/.gvm/gos/go1.27.1\"}"
level=info msg="[lintersdb] Active 6 linters: [errcheck gosec govet ineffassign staticcheck unused]"
level=info msg="[loader] Go packages loading at mode 8767 (compiled_files|deps|exports_file|files|imports|name|types_sizes) took 501.767833ms"
level=info msg="[runner/filename_unadjuster] Pre-built 0 adjustments in 67.157416ms"
level=info msg="[linters_context/goanalysis] analyzers took 0s with no stages"
level=info msg="[runner] Issues before processing: 48, after processing: 0"
level=info msg="[runner] Processors filtering stat (in/out): path_relativity: 48/48, cgo: 48/48, generated_file_filter: 48/0, exclusion_paths: 48/48, path_absoluter: 48/48, filename_unadjuster: 48/48, invalid_issue: 48/48"
level=info msg="[runner] processing took 1.587792ms with stages: generated_file_filter: 1.544042ms, path_relativity: 33.876µs, invalid_issue: 1.75µs, cgo: 1.667µs, path_absoluter: 1.542µs, sort_results: 1µs, max_same_issues: 959ns, nolint_filter: 666ns, filename_unadjuster: 375ns, fixer: 334ns, exclusion_rules: 291ns, path_shortener: 250ns, exclusion_paths: 250ns, source_code: 207ns, path_prettifier: 166ns, max_per_file_from_linter: 125ns, severity-rules: 84ns, max_from_linter: 83ns, uniq_by_line: 83ns, diff: 42ns"
level=info msg="[runner] linters took 496.140791ms with stages: goanalysis_metalinter: 494.46325ms"
0 issues.
level=info msg="File cache stats: 0 entries of total size 0B"
level=info msg="Memory: 12 samples, avg is 47.8MB, max is 55.9MB"
level=info msg="Execution took 1.075708417s"
