# go test ./internal/approval/... -count=1 -race -cover -v  (task 2.0 white-box + external suites)
## 2026-09-10T16:51:24Z

=== RUN   TestFingerprintSuite
=== RUN   TestFingerprintSuite/TestComputedEmptyIsStable
=== RUN   TestFingerprintSuite/TestStableUnderAgentIdentifierChange
=== RUN   TestFingerprintSuite/TestStableUnderDuplicates
=== RUN   TestFingerprintSuite/TestStableUnderLineNumberChange
=== RUN   TestFingerprintSuite/TestStableUnderReordering
=== RUN   TestFingerprintSuite/TestUncomputedNeverEqual
=== RUN   TestFingerprintSuite/TestUnstableUnderFileChange
=== RUN   TestFingerprintSuite/TestUnstableUnderRuleChange
=== RUN   TestFingerprintSuite/TestUnstableUnderSeverityChange
--- PASS: TestFingerprintSuite (0.00s)
    --- PASS: TestFingerprintSuite/TestComputedEmptyIsStable (0.00s)
    --- PASS: TestFingerprintSuite/TestStableUnderAgentIdentifierChange (0.00s)
    --- PASS: TestFingerprintSuite/TestStableUnderDuplicates (0.00s)
    --- PASS: TestFingerprintSuite/TestStableUnderLineNumberChange (0.00s)
    --- PASS: TestFingerprintSuite/TestStableUnderReordering (0.00s)
    --- PASS: TestFingerprintSuite/TestUncomputedNeverEqual (0.00s)
    --- PASS: TestFingerprintSuite/TestUnstableUnderFileChange (0.00s)
    --- PASS: TestFingerprintSuite/TestUnstableUnderRuleChange (0.00s)
    --- PASS: TestFingerprintSuite/TestUnstableUnderSeverityChange (0.00s)
=== RUN   TestApprovalPolicySuite
=== RUN   TestApprovalPolicySuite/TestDecideChecksOrder
=== RUN   TestApprovalPolicySuite/TestDecideChecksOrder/blocked_verdict_wins_first
=== RUN   TestApprovalPolicySuite/TestDecideChecksOrder/repeated_fingerprint_before_ceiling
=== RUN   TestApprovalPolicySuite/TestDecideChecksOrder/empty_diff_before_ceiling
=== RUN   TestApprovalPolicySuite/TestDecideChecksOrder/ceiling_last
=== RUN   TestApprovalPolicySuite/TestDecideChecksOrder/no_stop_when_room_remains
=== RUN   TestApprovalPolicySuite/TestDefaultMaxRounds
=== RUN   TestApprovalPolicySuite/TestRejectsMaxRoundsBelowOne
--- PASS: TestApprovalPolicySuite (0.00s)
    --- PASS: TestApprovalPolicySuite/TestDecideChecksOrder (0.00s)
        --- PASS: TestApprovalPolicySuite/TestDecideChecksOrder/blocked_verdict_wins_first (0.00s)
        --- PASS: TestApprovalPolicySuite/TestDecideChecksOrder/repeated_fingerprint_before_ceiling (0.00s)
        --- PASS: TestApprovalPolicySuite/TestDecideChecksOrder/empty_diff_before_ceiling (0.00s)
        --- PASS: TestApprovalPolicySuite/TestDecideChecksOrder/ceiling_last (0.00s)
        --- PASS: TestApprovalPolicySuite/TestDecideChecksOrder/no_stop_when_room_remains (0.00s)
    --- PASS: TestApprovalPolicySuite/TestDefaultMaxRounds (0.00s)
    --- PASS: TestApprovalPolicySuite/TestRejectsMaxRoundsBelowOne (0.00s)
=== RUN   TestApprovalProofSuite
=== RUN   TestApprovalProofSuite/TestApproveRejectsZeroValueProof
=== RUN   TestApprovalProofSuite/TestApprovedResultRejectsZeroValueProof
=== RUN   TestApprovalProofSuite/TestRejectsApprovedWithRemarks
=== RUN   TestApprovalProofSuite/TestRejectsBlocked
=== RUN   TestApprovalProofSuite/TestRejectsEmptyMap
=== RUN   TestApprovalProofSuite/TestRejectsIncompleteMap
=== RUN   TestApprovalProofSuite/TestRejectsRejected
=== RUN   TestApprovalProofSuite/TestRejectsUnverifiableCriterion
=== RUN   TestApprovalProofSuite/TestRejectsZeroValueVerdict
=== RUN   TestApprovalProofSuite/TestValidProofOpensApproval
--- PASS: TestApprovalProofSuite (0.00s)
    --- PASS: TestApprovalProofSuite/TestApproveRejectsZeroValueProof (0.00s)
    --- PASS: TestApprovalProofSuite/TestApprovedResultRejectsZeroValueProof (0.00s)
    --- PASS: TestApprovalProofSuite/TestRejectsApprovedWithRemarks (0.00s)
    --- PASS: TestApprovalProofSuite/TestRejectsBlocked (0.00s)
    --- PASS: TestApprovalProofSuite/TestRejectsEmptyMap (0.00s)
    --- PASS: TestApprovalProofSuite/TestRejectsIncompleteMap (0.00s)
    --- PASS: TestApprovalProofSuite/TestRejectsRejected (0.00s)
    --- PASS: TestApprovalProofSuite/TestRejectsUnverifiableCriterion (0.00s)
    --- PASS: TestApprovalProofSuite/TestRejectsZeroValueVerdict (0.00s)
    --- PASS: TestApprovalProofSuite/TestValidProofOpensApproval (0.00s)
=== RUN   TestForbiddenTransitionSuite
=== RUN   TestForbiddenTransitionSuite/TestAllowedTransitions
=== RUN   TestForbiddenTransitionSuite/TestAllowedTransitions/review_to_approved
=== RUN   TestForbiddenTransitionSuite/TestAllowedTransitions/review_to_blocked
=== RUN   TestForbiddenTransitionSuite/TestAllowedTransitions/review_to_fix
=== RUN   TestForbiddenTransitionSuite/TestAllowedTransitions/fix_to_review
=== RUN   TestForbiddenTransitionSuite/TestAllowedTransitions/fix_to_blocked
=== RUN   TestForbiddenTransitionSuite/TestForbiddenTransitions
=== RUN   TestForbiddenTransitionSuite/TestForbiddenTransitions/fix_cannot_approve
=== RUN   TestForbiddenTransitionSuite/TestForbiddenTransitions/approved_is_terminal_to_review
=== RUN   TestForbiddenTransitionSuite/TestForbiddenTransitions/approved_is_terminal_to_fix
=== RUN   TestForbiddenTransitionSuite/TestForbiddenTransitions/approved_is_terminal_to_blocked
=== RUN   TestForbiddenTransitionSuite/TestForbiddenTransitions/blocked_does_not_resume_review
=== RUN   TestForbiddenTransitionSuite/TestForbiddenTransitions/blocked_does_not_resume_fix
=== RUN   TestForbiddenTransitionSuite/TestForbiddenTransitions/no_self_transition_in_review
=== RUN   TestForbiddenTransitionSuite/TestForbiddenTransitions/no_self_transition_in_fix
=== RUN   TestForbiddenTransitionSuite/TestTerminalStates
--- PASS: TestForbiddenTransitionSuite (0.00s)
    --- PASS: TestForbiddenTransitionSuite/TestAllowedTransitions (0.00s)
        --- PASS: TestForbiddenTransitionSuite/TestAllowedTransitions/review_to_approved (0.00s)
        --- PASS: TestForbiddenTransitionSuite/TestAllowedTransitions/review_to_blocked (0.00s)
        --- PASS: TestForbiddenTransitionSuite/TestAllowedTransitions/review_to_fix (0.00s)
        --- PASS: TestForbiddenTransitionSuite/TestAllowedTransitions/fix_to_review (0.00s)
        --- PASS: TestForbiddenTransitionSuite/TestAllowedTransitions/fix_to_blocked (0.00s)
    --- PASS: TestForbiddenTransitionSuite/TestForbiddenTransitions (0.00s)
        --- PASS: TestForbiddenTransitionSuite/TestForbiddenTransitions/fix_cannot_approve (0.00s)
        --- PASS: TestForbiddenTransitionSuite/TestForbiddenTransitions/approved_is_terminal_to_review (0.00s)
        --- PASS: TestForbiddenTransitionSuite/TestForbiddenTransitions/approved_is_terminal_to_fix (0.00s)
        --- PASS: TestForbiddenTransitionSuite/TestForbiddenTransitions/approved_is_terminal_to_blocked (0.00s)
        --- PASS: TestForbiddenTransitionSuite/TestForbiddenTransitions/blocked_does_not_resume_review (0.00s)
        --- PASS: TestForbiddenTransitionSuite/TestForbiddenTransitions/blocked_does_not_resume_fix (0.00s)
        --- PASS: TestForbiddenTransitionSuite/TestForbiddenTransitions/no_self_transition_in_review (0.00s)
        --- PASS: TestForbiddenTransitionSuite/TestForbiddenTransitions/no_self_transition_in_fix (0.00s)
    --- PASS: TestForbiddenTransitionSuite/TestTerminalStates (0.00s)
=== RUN   TestTranslatorSuite
=== RUN   TestTranslatorSuite/TestApprovedWithRemarksIsNotReadAsApproved
=== RUN   TestTranslatorSuite/TestCanonicalDeclarations
=== RUN   TestTranslatorSuite/TestCanonicalDeclarations/en_approved
=== RUN   TestTranslatorSuite/TestCanonicalDeclarations/en_approved_with_remarks
=== RUN   TestTranslatorSuite/TestCanonicalDeclarations/en_rejected
=== RUN   TestTranslatorSuite/TestCanonicalDeclarations/en_blocked
=== RUN   TestTranslatorSuite/TestCanonicalDeclarations/pt_aprovado
=== RUN   TestTranslatorSuite/TestCanonicalDeclarations/pt_aprovado_com_ressalvas
=== RUN   TestTranslatorSuite/TestCanonicalDeclarations/pt_reprovado
=== RUN   TestTranslatorSuite/TestCanonicalDeclarations/pt_bloqueado
=== RUN   TestTranslatorSuite/TestCanonicalDeclarations/markdown_bold
=== RUN   TestTranslatorSuite/TestCanonicalDeclarations/embedded_line
=== RUN   TestTranslatorSuite/TestFailsClosedWithoutCanonicalDeclaration
=== RUN   TestTranslatorSuite/TestFailsClosedWithoutCanonicalDeclaration/#00
=== RUN   TestTranslatorSuite/TestFailsClosedWithoutCanonicalDeclaration/the_code_looks_fine_to_me,_no_blockers
=== RUN   TestTranslatorSuite/TestFailsClosedWithoutCanonicalDeclaration/LGTM,_ship_it
=== RUN   TestTranslatorSuite/TestFailsClosedWithoutCanonicalDeclaration/no_critical_findings_were_identified
=== RUN   TestTranslatorSuite/TestFailsClosedWithoutCanonicalDeclaration/status:_approved
=== RUN   TestTranslatorSuite/TestFailsClosedWithoutCanonicalDeclaration/verdict:_something-else
--- PASS: TestTranslatorSuite (0.00s)
    --- PASS: TestTranslatorSuite/TestApprovedWithRemarksIsNotReadAsApproved (0.00s)
    --- PASS: TestTranslatorSuite/TestCanonicalDeclarations (0.00s)
        --- PASS: TestTranslatorSuite/TestCanonicalDeclarations/en_approved (0.00s)
        --- PASS: TestTranslatorSuite/TestCanonicalDeclarations/en_approved_with_remarks (0.00s)
        --- PASS: TestTranslatorSuite/TestCanonicalDeclarations/en_rejected (0.00s)
        --- PASS: TestTranslatorSuite/TestCanonicalDeclarations/en_blocked (0.00s)
        --- PASS: TestTranslatorSuite/TestCanonicalDeclarations/pt_aprovado (0.00s)
        --- PASS: TestTranslatorSuite/TestCanonicalDeclarations/pt_aprovado_com_ressalvas (0.00s)
        --- PASS: TestTranslatorSuite/TestCanonicalDeclarations/pt_reprovado (0.00s)
        --- PASS: TestTranslatorSuite/TestCanonicalDeclarations/pt_bloqueado (0.00s)
        --- PASS: TestTranslatorSuite/TestCanonicalDeclarations/markdown_bold (0.00s)
        --- PASS: TestTranslatorSuite/TestCanonicalDeclarations/embedded_line (0.00s)
    --- PASS: TestTranslatorSuite/TestFailsClosedWithoutCanonicalDeclaration (0.00s)
        --- PASS: TestTranslatorSuite/TestFailsClosedWithoutCanonicalDeclaration/#00 (0.00s)
        --- PASS: TestTranslatorSuite/TestFailsClosedWithoutCanonicalDeclaration/the_code_looks_fine_to_me,_no_blockers (0.00s)
        --- PASS: TestTranslatorSuite/TestFailsClosedWithoutCanonicalDeclaration/LGTM,_ship_it (0.00s)
        --- PASS: TestTranslatorSuite/TestFailsClosedWithoutCanonicalDeclaration/no_critical_findings_were_identified (0.00s)
        --- PASS: TestTranslatorSuite/TestFailsClosedWithoutCanonicalDeclaration/status:_approved (0.00s)
        --- PASS: TestTranslatorSuite/TestFailsClosedWithoutCanonicalDeclaration/verdict:_something-else (0.00s)
=== RUN   TestValueObjectsSuite
=== RUN   TestValueObjectsSuite/TestCriteriaMap
=== RUN   TestValueObjectsSuite/TestEvents
=== RUN   TestValueObjectsSuite/TestEvidenceForms
=== RUN   TestValueObjectsSuite/TestFindingValidation
=== RUN   TestValueObjectsSuite/TestForbiddenTransitionErrorIs
=== RUN   TestValueObjectsSuite/TestIdentities
=== RUN   TestValueObjectsSuite/TestPortsValidation
=== RUN   TestValueObjectsSuite/TestResult
=== RUN   TestValueObjectsSuite/TestRound
=== RUN   TestValueObjectsSuite/TestSeverityAndBugLevel
=== RUN   TestValueObjectsSuite/TestState
=== RUN   TestValueObjectsSuite/TestStopReason
=== RUN   TestValueObjectsSuite/TestVerdict
--- PASS: TestValueObjectsSuite (0.00s)
    --- PASS: TestValueObjectsSuite/TestCriteriaMap (0.00s)
    --- PASS: TestValueObjectsSuite/TestEvents (0.00s)
    --- PASS: TestValueObjectsSuite/TestEvidenceForms (0.00s)
    --- PASS: TestValueObjectsSuite/TestFindingValidation (0.00s)
    --- PASS: TestValueObjectsSuite/TestForbiddenTransitionErrorIs (0.00s)
    --- PASS: TestValueObjectsSuite/TestIdentities (0.00s)
    --- PASS: TestValueObjectsSuite/TestPortsValidation (0.00s)
    --- PASS: TestValueObjectsSuite/TestResult (0.00s)
    --- PASS: TestValueObjectsSuite/TestRound (0.00s)
    --- PASS: TestValueObjectsSuite/TestSeverityAndBugLevel (0.00s)
    --- PASS: TestValueObjectsSuite/TestState (0.00s)
    --- PASS: TestValueObjectsSuite/TestStopReason (0.00s)
    --- PASS: TestValueObjectsSuite/TestVerdict (0.00s)
=== RUN   TestCycleFlowSuite
=== RUN   TestCycleFlowSuite/TestAbortsOnEmptyDiff
=== RUN   TestCycleFlowSuite/TestAbortsOnRepeatedFingerprint
=== RUN   TestCycleFlowSuite/TestApprovesOnFirstRound
=== RUN   TestCycleFlowSuite/TestBlockedInputStopsWithoutCallingFixer
=== RUN   TestCycleFlowSuite/TestExhaustsCeilingReturnsBlocked
=== RUN   TestCycleFlowSuite/TestSecondRunIsRejected
--- PASS: TestCycleFlowSuite (0.01s)
    --- PASS: TestCycleFlowSuite/TestAbortsOnEmptyDiff (0.00s)
    --- PASS: TestCycleFlowSuite/TestAbortsOnRepeatedFingerprint (0.00s)
    --- PASS: TestCycleFlowSuite/TestApprovesOnFirstRound (0.00s)
    --- PASS: TestCycleFlowSuite/TestBlockedInputStopsWithoutCallingFixer (0.00s)
    --- PASS: TestCycleFlowSuite/TestExhaustsCeilingReturnsBlocked (0.00s)
    --- PASS: TestCycleFlowSuite/TestSecondRunIsRejected (0.00s)
=== RUN   FuzzFingerprint
=== RUN   FuzzFingerprint/seed#0
=== RUN   FuzzFingerprint/seed#1
=== RUN   FuzzFingerprint/seed#2
=== RUN   FuzzFingerprint/aee628d832253db9
--- PASS: FuzzFingerprint (0.00s)
    --- PASS: FuzzFingerprint/seed#0 (0.00s)
    --- PASS: FuzzFingerprint/seed#1 (0.00s)
    --- PASS: FuzzFingerprint/seed#2 (0.00s)
    --- PASS: FuzzFingerprint/aee628d832253db9 (0.00s)
=== RUN   FuzzTranslator
=== RUN   FuzzTranslator/seed#0
=== RUN   FuzzTranslator/seed#1
=== RUN   FuzzTranslator/seed#2
=== RUN   FuzzTranslator/seed#3
=== RUN   FuzzTranslator/seed#4
=== RUN   FuzzTranslator/seed#5
--- PASS: FuzzTranslator (0.00s)
    --- PASS: FuzzTranslator/seed#0 (0.00s)
    --- PASS: FuzzTranslator/seed#1 (0.00s)
    --- PASS: FuzzTranslator/seed#2 (0.00s)
    --- PASS: FuzzTranslator/seed#3 (0.00s)
    --- PASS: FuzzTranslator/seed#4 (0.00s)
    --- PASS: FuzzTranslator/seed#5 (0.00s)
PASS
coverage: 88.8% of statements
ok  	github.com/JailtonJunior94/ai-spec-harness/internal/approval	1.037s	coverage: 88.8% of statements
	github.com/JailtonJunior94/ai-spec-harness/internal/approval/mocks		coverage: 0.0% of statements
exit=0
