=== RUN   TestCheckTraceabilityCmd
=== RUN   TestCheckTraceabilityCmd/cadeia_fechada_retorna_zero
OK: cadeia de rastreabilidade verificada — 1 requisitos, 1 tarefas.
=== RUN   TestCheckTraceabilityCmd/requisito_sem_tarefa_retorna_um
RUPTURA: requirement_without_task: RF-02 — nenhuma tarefa na tabela de Cobertura de Requisitos cobre este RF
=== RUN   TestCheckTraceabilityCmd/criterio_sem_evidencia_retorna_um
RUPTURA: criterion_without_evidence: 1.0: criterio sem seta — criterio sem linha de evidencia apos o separador '->'
=== RUN   TestCheckTraceabilityCmd/diretorio_inexistente_retorna_erro_de_uso
erro: diretorio nao encontrado: /var/folders/hg/97c4drd559zgx8mztt_4b6fw0000gn/T/TestCheckTraceabilityCmddiretorio_inexistente_retorna_erro_de_u2041511085/001/inexistente
--- PASS: TestCheckTraceabilityCmd (0.00s)
    --- PASS: TestCheckTraceabilityCmd/cadeia_fechada_retorna_zero (0.00s)
    --- PASS: TestCheckTraceabilityCmd/requisito_sem_tarefa_retorna_um (0.00s)
    --- PASS: TestCheckTraceabilityCmd/criterio_sem_evidencia_retorna_um (0.00s)
    --- PASS: TestCheckTraceabilityCmd/diretorio_inexistente_retorna_erro_de_uso (0.00s)
=== RUN   TestCLI_ContractMatchesSchema
--- PASS: TestCLI_ContractMatchesSchema (0.00s)
=== RUN   TestCLI_SmokeCommandsExistInCobra
--- PASS: TestCLI_SmokeCommandsExistInCobra (0.00s)
=== RUN   TestCLI_ContractFlagsMatchSchema
=== RUN   TestCLI_ContractFlagsMatchSchema/doctor
=== RUN   TestCLI_ContractFlagsMatchSchema/install
=== RUN   TestCLI_ContractFlagsMatchSchema/validate-evidence
=== RUN   TestCLI_ContractFlagsMatchSchema/lint
=== RUN   TestCLI_ContractFlagsMatchSchema/metrics
=== RUN   TestCLI_ContractFlagsMatchSchema/task-loop
=== RUN   TestCLI_ContractFlagsMatchSchema/telemetry
=== RUN   TestCLI_ContractFlagsMatchSchema/validate-result
=== RUN   TestCLI_ContractFlagsMatchSchema/approve
=== RUN   TestCLI_ContractFlagsMatchSchema/changelog
=== RUN   TestCLI_ContractFlagsMatchSchema/orchestrate
=== RUN   TestCLI_ContractFlagsMatchSchema/rollback-sdd
=== RUN   TestCLI_ContractFlagsMatchSchema/skills
=== RUN   TestCLI_ContractFlagsMatchSchema/upgrade
=== RUN   TestCLI_ContractFlagsMatchSchema/prerequisites
=== RUN   TestCLI_ContractFlagsMatchSchema/runtime-capabilities
=== RUN   TestCLI_ContractFlagsMatchSchema/semver-next
=== RUN   TestCLI_ContractFlagsMatchSchema/sync-spec-hash
=== RUN   TestCLI_ContractFlagsMatchSchema/update-version
=== RUN   TestCLI_ContractFlagsMatchSchema/validate-bugs
=== RUN   TestCLI_ContractFlagsMatchSchema/version
=== RUN   TestCLI_ContractFlagsMatchSchema/check-traceability
=== RUN   TestCLI_ContractFlagsMatchSchema/seal-evidence
=== RUN   TestCLI_ContractFlagsMatchSchema/skill-bump
=== RUN   TestCLI_ContractFlagsMatchSchema/skills_check
=== RUN   TestCLI_ContractFlagsMatchSchema/telemetry_report
=== RUN   TestCLI_ContractFlagsMatchSchema/verify
=== RUN   TestCLI_ContractFlagsMatchSchema/wrapper
=== RUN   TestCLI_ContractFlagsMatchSchema/hash
=== RUN   TestCLI_ContractFlagsMatchSchema/invalidate
=== RUN   TestCLI_ContractFlagsMatchSchema/validate-sdd
=== RUN   TestCLI_ContractFlagsMatchSchema/inspect
=== RUN   TestCLI_ContractFlagsMatchSchema/migrate-sdd
=== RUN   TestCLI_ContractFlagsMatchSchema/telemetry_summary
=== RUN   TestCLI_ContractFlagsMatchSchema/uninstall
=== RUN   TestCLI_ContractFlagsMatchSchema/check-spec-drift
=== RUN   TestCLI_ContractFlagsMatchSchema/scaffold
=== RUN   TestCLI_ContractFlagsMatchSchema/telemetry_log
=== RUN   TestCLI_ContractFlagsMatchSchema/validate
--- PASS: TestCLI_ContractFlagsMatchSchema (0.00s)
    --- PASS: TestCLI_ContractFlagsMatchSchema/doctor (0.00s)
    --- PASS: TestCLI_ContractFlagsMatchSchema/install (0.00s)
    --- PASS: TestCLI_ContractFlagsMatchSchema/validate-evidence (0.00s)
    --- PASS: TestCLI_ContractFlagsMatchSchema/lint (0.00s)
    --- PASS: TestCLI_ContractFlagsMatchSchema/metrics (0.00s)
    --- PASS: TestCLI_ContractFlagsMatchSchema/task-loop (0.00s)
    --- PASS: TestCLI_ContractFlagsMatchSchema/telemetry (0.00s)
    --- PASS: TestCLI_ContractFlagsMatchSchema/validate-result (0.00s)
    --- PASS: TestCLI_ContractFlagsMatchSchema/approve (0.00s)
    --- PASS: TestCLI_ContractFlagsMatchSchema/changelog (0.00s)
    --- PASS: TestCLI_ContractFlagsMatchSchema/orchestrate (0.00s)
    --- PASS: TestCLI_ContractFlagsMatchSchema/rollback-sdd (0.00s)
    --- PASS: TestCLI_ContractFlagsMatchSchema/skills (0.00s)
    --- PASS: TestCLI_ContractFlagsMatchSchema/upgrade (0.00s)
    --- PASS: TestCLI_ContractFlagsMatchSchema/prerequisites (0.00s)
    --- PASS: TestCLI_ContractFlagsMatchSchema/runtime-capabilities (0.00s)
    --- PASS: TestCLI_ContractFlagsMatchSchema/semver-next (0.00s)
    --- PASS: TestCLI_ContractFlagsMatchSchema/sync-spec-hash (0.00s)
    --- PASS: TestCLI_ContractFlagsMatchSchema/update-version (0.00s)
    --- PASS: TestCLI_ContractFlagsMatchSchema/validate-bugs (0.00s)
    --- PASS: TestCLI_ContractFlagsMatchSchema/version (0.00s)
    --- PASS: TestCLI_ContractFlagsMatchSchema/check-traceability (0.00s)
    --- PASS: TestCLI_ContractFlagsMatchSchema/seal-evidence (0.00s)
    --- PASS: TestCLI_ContractFlagsMatchSchema/skill-bump (0.00s)
    --- PASS: TestCLI_ContractFlagsMatchSchema/skills_check (0.00s)
    --- PASS: TestCLI_ContractFlagsMatchSchema/telemetry_report (0.00s)
    --- PASS: TestCLI_ContractFlagsMatchSchema/verify (0.00s)
    --- PASS: TestCLI_ContractFlagsMatchSchema/wrapper (0.00s)
    --- PASS: TestCLI_ContractFlagsMatchSchema/hash (0.00s)
    --- PASS: TestCLI_ContractFlagsMatchSchema/invalidate (0.00s)
    --- PASS: TestCLI_ContractFlagsMatchSchema/validate-sdd (0.00s)
    --- PASS: TestCLI_ContractFlagsMatchSchema/inspect (0.00s)
    --- PASS: TestCLI_ContractFlagsMatchSchema/migrate-sdd (0.00s)
    --- PASS: TestCLI_ContractFlagsMatchSchema/telemetry_summary (0.00s)
    --- PASS: TestCLI_ContractFlagsMatchSchema/uninstall (0.00s)
    --- PASS: TestCLI_ContractFlagsMatchSchema/check-spec-drift (0.00s)
    --- PASS: TestCLI_ContractFlagsMatchSchema/scaffold (0.00s)
    --- PASS: TestCLI_ContractFlagsMatchSchema/telemetry_log (0.00s)
    --- PASS: TestCLI_ContractFlagsMatchSchema/validate (0.00s)
=== RUN   TestCheckSpecDriftCmd_AceitaDiretorioEArquivo
=== RUN   TestCheckSpecDriftCmd_AceitaDiretorioEArquivo/diretorio_prd_sem_drift_retorna_zero
AVISO: hash de techspec.md:spec-hash-prd nao encontrado em tasks.md
OK: sem drift detectado.
=== RUN   TestCheckSpecDriftCmd_AceitaDiretorioEArquivo/diretorio_prd_com_rf_descoberto_retorna_drift
DRIFT: prd.md → tasks.md: IDs faltantes: RF-02
=== RUN   TestCheckSpecDriftCmd_AceitaDiretorioEArquivo/arquivo_tasks_md_preserva_comportamento_anterior
OK: sem drift detectado.
=== RUN   TestCheckSpecDriftCmd_AceitaDiretorioEArquivo/caminho_inexistente_retorna_erro_de_uso
erro: caminho nao encontrado: /var/folders/hg/97c4drd559zgx8mztt_4b6fw0000gn/T/TestCheckSpecDriftCmd_AceitaDiretorioEArquivocaminho_inexistent3332531795/001/inexistente
=== RUN   TestCheckSpecDriftCmd_AceitaDiretorioEArquivo/diretorio_sem_tasks_retorna_erro_de_uso
erro: tasks.md not found in /var/folders/hg/97c4drd559zgx8mztt_4b6fw0000gn/T/TestCheckSpecDriftCmd_AceitaDiretorioEArquivodiretorio_sem_task611826977/001: open /var/folders/hg/97c4drd559zgx8mztt_4b6fw0000gn/T/TestCheckSpecDriftCmd_AceitaDiretorioEArquivodiretorio_sem_task611826977/001/tasks.md: no such file or directory
--- PASS: TestCheckSpecDriftCmd_AceitaDiretorioEArquivo (0.00s)
    --- PASS: TestCheckSpecDriftCmd_AceitaDiretorioEArquivo/diretorio_prd_sem_drift_retorna_zero (0.00s)
    --- PASS: TestCheckSpecDriftCmd_AceitaDiretorioEArquivo/diretorio_prd_com_rf_descoberto_retorna_drift (0.00s)
    --- PASS: TestCheckSpecDriftCmd_AceitaDiretorioEArquivo/arquivo_tasks_md_preserva_comportamento_anterior (0.00s)
    --- PASS: TestCheckSpecDriftCmd_AceitaDiretorioEArquivo/caminho_inexistente_retorna_erro_de_uso (0.00s)
    --- PASS: TestCheckSpecDriftCmd_AceitaDiretorioEArquivo/diretorio_sem_tasks_retorna_erro_de_uso (0.00s)
PASS
ok  	github.com/JailtonJunior94/ai-spec-harness/cmd/ai_spec_harness	1.552s
