Running linter...
Installing golangci-lint...
go install github.com/golangci/golangci-lint/v2/cmd/golangci-lint@v2.13.2
GOGC=20 golangci-lint run --config .golangci.yml --timeout 10m --verbose
level=info msg="golangci-lint has version 2.13.2 built with go1.27.0 from 27774aa on 2026-08-27T22:52:01Z"
level=info msg="[config_reader] Used config file .golangci.yml"
level=info msg="[config_reader] Module name \"github.com/JailtonJunior94/ai-spec-harness\""
level=info msg="[goenv] Read go env for 8.357584ms: map[string]string{\"GOCACHE\":\"/Users/jailtonjunior/Library/Caches/go-build\", \"GOROOT\":\"/Users/jailtonjunior/.gvm/gos/go1.27.1\"}"
level=info msg="[lintersdb] Active 6 linters: [errcheck gosec govet ineffassign staticcheck unused]"
level=info msg="[loader] Go packages loading at mode 8767 (types_sizes|exports_file|imports|compiled_files|deps|files|name) took 604.896708ms"
level=info msg="[runner/filename_unadjuster] Pre-built 0 adjustments in 68.05625ms"
level=info msg="[linters_context/goanalysis] analyzers took 0s with no stages"
level=info msg="[runner] Issues before processing: 50, after processing: 0"
level=info msg="[runner] Processors filtering stat (in/out): filename_unadjuster: 50/50, invalid_issue: 50/50, path_relativity: 50/50, generated_file_filter: 50/0, cgo: 50/50, exclusion_paths: 50/50, path_absoluter: 50/50"
level=info msg="[runner] processing took 1.475913ms with stages: generated_file_filter: 1.431292ms, path_relativity: 35.334µs, cgo: 1.874µs, invalid_issue: 1.75µs, filename_unadjuster: 1µs, max_same_issues: 792ns, path_absoluter: 791ns, sort_results: 666ns, nolint_filter: 625ns, fixer: 291ns, exclusion_paths: 291ns, source_code: 209ns, exclusion_rules: 207ns, path_shortener: 207ns, path_prettifier: 167ns, diff: 84ns, max_from_linter: 84ns, severity-rules: 84ns, uniq_by_line: 83ns, max_per_file_from_linter: 82ns"
level=info msg="[runner] linters took 505.964292ms with stages: goanalysis_metalinter: 504.411375ms"
0 issues.
level=info msg="File cache stats: 0 entries of total size 0B"
level=info msg="Memory: 13 samples, avg is 43.0MB, max is 52.0MB"
level=info msg="Execution took 1.188415125s"
